[app] Mounting /api routes with requireAuth
[app] GET /login
[app] GET /tailwind.css
[app] GET /api/auth/me
[app] GET /api/auth/me
[app] GET /favicon.ico
[app] GET /login
[app] POST /api/auth/login
[app] GET /app
[app] GET /styles.css
[app] GET /modern.css
[app] GET /legacy-before-tailwind.css
[app] GET /legacy-after-tailwind.css
[app] GET /vue/assets/index-Cl0QtXX0.js
[app] GET /tailwind.css
[app] GET /vue/assets/index-BTrHBBtl.css
[app] GET /api/auth/me
[app] GET /api/policy-register
[app] GET /api/frameworks/iso27001/controls
[app] GET /api/frameworks/iso27001-soa/controls
[app] GET /api/frameworks/iso27001/objectives
[app] GET /api/assessment
[app] GET /api/auth/me
[app] GET /api/csf
[app] GET /api/frameworks/csf/targets
[app] GET /api/risk-acceptance
[app] GET /api/risk-management
[app] GET /api/risk-management/indicators
[app] GET /api/risk-management/dropdowns
[app] GET /api/auth/me
[app] GET /api/privacy
[app] GET /api/privacy/assessment
[app] GET /api/frameworks/privacy/targets
[app] GET /api/privacy
[app] GET /api/privacy/assessment
[app] GET /api/frameworks/privacy/targets
[app] GET /api/audit-finding-tracker
[app] GET /favicon.ico
[app] POST /api/audit-finding-tracker
[app] GET /api/audit-finding-tracker
[app] POST /api/audit-finding-tracker
[app] GET /api/audit-finding-tracker
[app] POST /api/audit-finding-tracker
[app] GET /api/audit-finding-tracker
[app] POST /api/audit-finding-tracker
[app] GET /api/audit-finding-tracker
[app] GET /api/audit-finding-tracker/61396ab1-a50a-488c-a5d4-e034adc91259/download
[app] PUT /api/audit-finding-tracker/61396ab1-a50a-488c-a5d4-e034adc91259
[app] GET /api/audit-finding-tracker
[app] GET /api/audit-finding-tracker/61396ab1-a50a-488c-a5d4-e034adc91259/download
[app] GET /api/audit-finding-tracker
[app] DELETE /api/audit-finding-tracker/61396ab1-a50a-488c-a5d4-e034adc91259
[app] DELETE /api/audit-finding-tracker/fb61f634-399a-42ca-ab27-b1f8407aeab3
[app] DELETE /api/audit-finding-tracker/ad232b58-eea6-4099-a2eb-294ffe2040a1
[app] DELETE /api/audit-finding-tracker/08ae6894-d3fc-4161-a0f2-95c3818c7493
[app] GET /app
[app] GET /login
[app] GET /tailwind.css
[app] GET /api/auth/me
[app] GET /api/auth/me
[app] GET /favicon.ico
[app] GET /login
[app] POST /api/auth/login
[app] GET /app
[app] GET /styles.css
[app] GET /modern.css
[app] GET /vue/assets/index-Cl0QtXX0.js
[app] GET /legacy-after-tailwind.css
[app] GET /legacy-before-tailwind.css
[app] GET /vue/assets/index-BTrHBBtl.css
[app] GET /tailwind.css
[app] GET /api/auth/me
[app] GET /api/policy-register
[app] GET /api/frameworks/iso27001/controls
[app] GET /api/auth/me
[app] GET /api/frameworks/iso27001-soa/controls
[app] GET /api/frameworks/iso27001/objectives
[app] GET /api/assessment
[app] GET /api/csf
[app] GET /api/frameworks/csf/targets
[app] GET /api/risk-acceptance
[app] GET /api/risk-management
[app] GET /api/risk-management/indicators
[app] GET /api/risk-management/dropdowns
[app] GET /api/auth/me
[app] GET /api/privacy
[app] GET /api/privacy/assessment
[app] GET /api/frameworks/privacy/targets
[app] GET /favicon.ico
[app] GET /api/privacy
[app] GET /api/privacy/assessment
[app] GET /api/frameworks/privacy/targets
[app] GET /api/policy-register/dropdowns
[app] GET /api/policy-register
[app] GET /api/audit-finding-tracker
[app] POST /api/audit-finding-tracker
[app] GET /api/audit-finding-tracker
[app] GET /api/audit-finding-tracker
[app] POST /api/audit-finding-tracker
[app] GET /api/audit-finding-tracker
[app] POST /api/audit-finding-tracker
[app] GET /api/audit-finding-tracker
[app] POST /api/audit-finding-tracker
[app] GET /api/audit-finding-tracker
[app] POST /api/audit-finding-tracker
[app] GET /api/audit-finding-tracker
[app] GET /login
[app] GET /tailwind.css
[app] GET /api/auth/me
[app] GET /api/auth/me
[app] GET /favicon.ico
[app] GET /login
[app] POST /api/auth/login
[app] GET /app
[app] GET /modern.css
[app] GET /styles.css
[app] GET /legacy-before-tailwind.css
[app] GET /tailwind.css
[app] GET /legacy-after-tailwind.css
[app] GET /vue/assets/index-BTrHBBtl.css
[app] GET /vue/assets/index-2c-6sDcs.js
[app] GET /api/auth/me
[app] GET /favicon.ico
[app] GET /api/audit-finding-tracker
[app] POST /api/audit-finding-tracker
[app] GET /api/audit-finding-tracker
[app] POST /api/audit-finding-tracker
[app] GET /api/audit-finding-tracker
[app] POST /api/audit-finding-tracker
[app] GET /api/audit-finding-tracker
[app] POST /api/audit-finding-tracker
[app] GET /api/audit-finding-tracker
[app] GET /api/audit-finding-tracker/f8380292-3b00-41cb-8e0f-23a816748661/download
[app] GET /api/audit-finding-tracker
[app] DELETE /api/audit-finding-tracker/f8380292-3b00-41cb-8e0f-23a816748661
[app] DELETE /api/audit-finding-tracker/09288707-e595-42fe-b6a2-00c396075fd3
[app] DELETE /api/audit-finding-tracker/209a35a2-ad45-4bcf-893d-7594db0b5fdc
[app] DELETE /api/audit-finding-tracker/d950419c-fadd-4663-be25-4b4ac9708dd0
[app] GET /login
[app] GET /tailwind.css
[app] GET /api/auth/me
[app] GET /api/auth/me
[app] GET /favicon.ico
[app] GET /login
[app] POST /api/auth/login
[app] GET /app
[app] GET /styles.css
[app] GET /modern.css
[app] GET /legacy-before-tailwind.css
[app] GET /tailwind.css
[app] GET /legacy-after-tailwind.css
[app] GET /vue/assets/index-BTrHBBtl.css
[app] GET /vue/assets/index-2c-6sDcs.js
[app] GET /api/auth/me
[app] GET /api/policy-register
[app] GET /api/frameworks/iso27001/controls
[app] GET /api/frameworks/iso27001-soa/controls
[app] GET /api/auth/me
[app] GET /api/frameworks/iso27001/objectives
[app] GET /api/assessment
[app] GET /api/csf
[app] GET /api/frameworks/csf/targets
[app] GET /api/risk-acceptance
[app] GET /api/risk-management
[app] GET /api/risk-management/indicators
[app] GET /api/risk-management/dropdowns
[app] GET /api/auth/me
[app] GET /api/privacy
[app] GET /api/privacy/assessment
[app] GET /api/frameworks/privacy/targets
[app] GET /favicon.ico
[app] GET /api/privacy
[app] GET /api/privacy/assessment
[app] GET /api/frameworks/privacy/targets
[app] GET /api/audit-finding-tracker
[app] POST /api/audit-finding-tracker
[app] GET /api/audit-finding-tracker
[app] POST /api/audit-finding-tracker
[app] GET /api/audit-finding-tracker
[app] POST /api/audit-finding-tracker
[app] GET /api/audit-finding-tracker
[app] POST /api/audit-finding-tracker
[app] GET /api/audit-finding-tracker
[app] GET /api/audit-finding-tracker/811a5c81-5c00-4ff1-be8b-bdccb38324a2/download
[app] PUT /api/audit-finding-tracker/811a5c81-5c00-4ff1-be8b-bdccb38324a2
[app] GET /api/audit-finding-tracker
[app] GET /api/audit-finding-tracker/811a5c81-5c00-4ff1-be8b-bdccb38324a2/download
[app] GET /api/audit-finding-tracker
[app] PUT /api/audit-finding-tracker/a30db9e4-a9d0-4e4f-9253-ca81a47ef7a3
[app] PUT /api/audit-finding-tracker/e7bf6686-f11c-4522-a330-ed672cbe12a9
[app] POST /api/audit-finding-tracker
[app] POST /api/audit-finding-tracker
[app] POST /api/audit-finding-tracker
[app] GET /api/audit-finding-tracker
[app] GET /api/audit-finding-tracker
[app] DELETE /api/audit-finding-tracker/811a5c81-5c00-4ff1-be8b-bdccb38324a2
[app] DELETE /api/audit-finding-tracker/81157d86-7212-4df4-92c7-0bc5dca1a6ab
[app] DELETE /api/audit-finding-tracker/e7bf6686-f11c-4522-a330-ed672cbe12a9
[app] DELETE /api/audit-finding-tracker/805a0e85-1025-4500-9364-819b4bd22d79
[app] DELETE /api/audit-finding-tracker/24e76ad4-e836-4438-b02c-6746759c8421
[app] DELETE /api/audit-finding-tracker/093e4ceb-13fd-48c1-8ad3-480f4bf83fe0
[app] DELETE /api/audit-finding-tracker/a30db9e4-a9d0-4e4f-9253-ca81a47ef7a3
[app] GET /app
[app] GET /styles.css
[app] GET /modern.css
[app] GET /legacy-before-tailwind.css
[app] GET /legacy-after-tailwind.css
[app] GET /vue/assets/index-2c-6sDcs.js
[app] GET /tailwind.css
[app] GET /vue/assets/index-BTrHBBtl.css
[app] GET /api/auth/me
[app] GET /api/policy-register
[app] GET /api/frameworks/iso27001/controls
[app] GET /api/frameworks/iso27001-soa/controls
[app] GET /api/frameworks/iso27001/objectives
[app] GET /api/assessment
[app] GET /api/csf
[app] GET /api/frameworks/csf/targets
[app] GET /api/risk-acceptance
[app] GET /api/risk-management
[app] GET /api/risk-management/indicators
[app] GET /api/risk-management/dropdowns
[app] GET /api/audit-finding-tracker
[app] GET /api/auth/me
[app] GET /favicon.ico
[app] GET /api/auth/me
[app] GET /api/privacy
[app] GET /api/privacy/assessment
[app] GET /api/frameworks/privacy/targets
[app] GET /api/privacy
[app] GET /api/frameworks/privacy/targets
[app] GET /api/privacy/assessment
[app] GET /api/audit-finding-tracker
