[policyRegisterController] Module loaded
[policyRegisterRoutes] Loading routes
[policyRegisterRoutes] Routes configured successfully
Database exists: nist_basis
Tables ready: app_users, assessment_state, evidence_files
Personnel Certification and roadmap catalog seed ready.
NIST CSF Express server: http://localhost:8000
[app] GET /app
[app] GET /login
[app] GET /tailwind.css
[app] GET /api/auth/me
[app] GET /api/auth/me
[app] GET /favicon.ico
[app] GET /login
[app] POST /api/auth/login
[app] GET /app
[app] GET /modern.css
[app] GET /styles.css
[app] GET /legacy-before-tailwind.css
[app] GET /tailwind.css
[app] GET /legacy-after-tailwind.css
[app] GET /vue/assets/index-BTrHBBtl.css
[app] GET /vue/assets/index-CpDzteFx.js
[app] GET /api/auth/me
[app] GET /api/policy-register
[policyRegisterRoutes] GET /
[policyRegisterRoutes] GET / - before permission check
[policyRegisterRoutes] GET / - after permission, calling list
[policyRegisterController.list] Handler called
[app] GET /api/frameworks/iso27001/controls
[app] GET /api/frameworks/iso27001-soa/controls
[app] GET /api/frameworks/iso27001/objectives
[app] GET /api/assessment
[policyRegisterController.list] Returning 2 policies
[app] GET /api/csf
[app] GET /api/frameworks/csf/targets
[app] GET /api/risk-acceptance
[app] GET /api/risk-management
[app] GET /api/risk-management/indicators
[app] GET /api/risk-management/dropdowns
[app] GET /api/auth/me
[app] GET /api/auth/me
[app] GET /api/privacy
[app] GET /api/privacy/assessment
[app] GET /api/frameworks/privacy/targets
[app] GET /favicon.ico
[app] GET /api/privacy
[app] GET /api/privacy/assessment
[app] GET /api/frameworks/privacy/targets
[app] GET /api/audit-finding-tracker
[app] GET /api/audit-finding-tracker
[app] GET /api/audit-finding-tracker
[app] GET /api/policy-register/dropdowns
[policyRegisterRoutes] GET /dropdowns
[app] GET /api/policy-register
[policyRegisterRoutes] GET /
[policyRegisterRoutes] GET / - before permission check
[policyRegisterRoutes] GET / - after permission, calling list
[policyRegisterController.list] Handler called
[policyRegisterController.list] Returning 2 policies
[app] GET /api/personnel-certifications
[app] GET /api/personnel-certifications/organization-personnel
[app] GET /api/certification-roadmap-catalog
[app] GET /api/questionnaire-templates
[app] GET /api/tprm-questionnaires
[app] GET /api/questionnaire-templates
[app] GET /api/tprm-questionnaires
[app] GET /api/tprm
[app] GET /api/risk-management
[app] GET /api/risk-management/indicators
[app] GET /api/risk-management/dropdowns
[app] GET /api/tprm-questionnaires
[app] GET /api/tprm
[app] GET /api/questionnaire-templates
[app] GET /api/questionnaire-templates
[app] GET /api/backups
[app] GET /api/frameworks/iso27001/controls
[app] GET /api/frameworks/iso27001-soa/controls
[app] GET /api/frameworks/iso27001/objectives
[app] GET /api/frameworks/iso27001/objectives
[app] GET /api/frameworks/iso27001/objectives
[app] GET /api/frameworks/iso27001/objectives
[app] GET /api/frameworks/iso27001/objectives
[app] GET /api/frameworks/iso27001-soa/controls
[app] PUT /api/frameworks/iso27001-soa/controls/A.5.1
[app] PUT /api/frameworks/iso27001-soa/controls/A.5.1
[app] PUT /api/frameworks/iso27001-soa/controls/A.5.1
[app] GET /api/frameworks/iso27001/objectives
[app] GET /api/frameworks/iso27001/objectives
[app] GET /api/frameworks/iso27001-soa/controls
[app] PUT /api/frameworks/iso27001-soa/controls/A.5.1
[app] GET /login
[app] GET /tailwind.css
[app] GET /api/auth/me
[app] GET /api/auth/me
[app] GET /favicon.ico
[app] GET /login
[app] POST /api/auth/login
[app] GET /app
[app] GET /styles.css
[app] GET /modern.css
[app] GET /legacy-before-tailwind.css
[app] GET /tailwind.css
[app] GET /legacy-after-tailwind.css
[app] GET /vue/assets/index-BTrHBBtl.css
[app] GET /vue/assets/index-CSqjT6oQ.js
[app] GET /api/auth/me
[app] GET /api/policy-register
[policyRegisterRoutes] GET /
[policyRegisterRoutes] GET / - before permission check
[policyRegisterRoutes] GET / - after permission, calling list
[policyRegisterController.list] Handler called
[app] GET /api/auth/me
[app] GET /api/frameworks/iso27001/controls
[app] GET /api/frameworks/iso27001-soa/controls
[app] GET /api/frameworks/iso27001/objectives
[app] GET /api/assessment
[policyRegisterController.list] Returning 2 policies
[app] GET /api/csf
[app] GET /api/frameworks/csf/targets
[app] GET /api/risk-acceptance
[app] GET /api/risk-management
[app] GET /api/risk-management/indicators
[app] GET /api/risk-management/dropdowns
[app] GET /api/auth/me
[app] GET /api/privacy
[app] GET /api/privacy/assessment
[app] GET /api/frameworks/privacy/targets
[app] GET /favicon.ico
[app] GET /api/privacy
[app] GET /api/privacy/assessment
[app] GET /api/frameworks/privacy/targets
[app] GET /api/audit-finding-tracker
[app] GET /api/audit-finding-tracker/reminder-settings
[app] GET /api/audit-finding-tracker/reminder-settings
[app] GET /api/frameworks/iso27001-soa/controls
[app] GET /api/frameworks/iso27001/objectives
[app] GET /api/frameworks/iso27001/objectives
[app] GET /api/frameworks/iso27001/objectives
[app] GET /api/frameworks/iso27001/objectives
[app] GET /api/files/policy-register/1788698794433-015aefdecd6c9c34-Script_Presentasi_BRINSIGHT_5_Menit.pdf
[app] GET /api/audit-finding-tracker
[app] GET /app
[app] GET /styles.css
[app] GET /modern.css
[app] GET /legacy-before-tailwind.css
[app] GET /tailwind.css
[app] GET /legacy-after-tailwind.css
[app] GET /vue/assets/index-BTrHBBtl.css
[app] GET /vue/assets/index-CSqjT6oQ.js
[app] GET /api/auth/me
[app] GET /api/policy-register
[policyRegisterRoutes] GET /
[policyRegisterRoutes] GET / - before permission check
[policyRegisterRoutes] GET / - after permission, calling list
[policyRegisterController.list] Handler called
[app] GET /api/frameworks/iso27001/controls
[app] GET /api/auth/me
[app] GET /api/frameworks/iso27001/objectives
[app] GET /api/assessment
[app] GET /api/frameworks/iso27001-soa/controls
[policyRegisterController.list] Returning 2 policies
[app] GET /api/csf
[app] GET /api/frameworks/csf/targets
[app] GET /api/risk-acceptance
[app] GET /api/risk-management
[app] GET /api/risk-management/indicators
[app] GET /api/risk-management/dropdowns
[app] GET /api/audit-finding-tracker
[app] GET /api/auth/me
[app] GET /api/privacy
[app] GET /api/privacy/assessment
[app] GET /api/frameworks/privacy/targets
[app] GET /favicon.ico
[app] GET /api/privacy
[app] GET /api/privacy/assessment
[app] GET /api/frameworks/privacy/targets
[app] GET /api/risk-management
[app] GET /api/risk-management/indicators
[app] GET /api/risk-management/dropdowns
[app] GET /favicon.ico
[app] GET /app
[app] GET /styles.css
[app] GET /modern.css
[app] GET /legacy-after-tailwind.css
[app] GET /legacy-before-tailwind.css
[app] GET /vue/assets/index-BTrHBBtl.css
[app] GET /vue/assets/index-CSqjT6oQ.js
[app] GET /api/auth/me
[app] GET /api/policy-register
[policyRegisterRoutes] GET /
[policyRegisterRoutes] GET / - before permission check
[policyRegisterRoutes] GET / - after permission, calling list
[policyRegisterController.list] Handler called
[app] GET /api/frameworks/iso27001/controls
[app] GET /api/auth/me
[app] GET /api/frameworks/iso27001-soa/controls
[app] GET /api/frameworks/iso27001/objectives
[app] GET /api/assessment
[policyRegisterController.list] Returning 2 policies
[app] GET /api/csf
[app] GET /api/frameworks/csf/targets
[app] GET /api/risk-acceptance
[app] GET /api/risk-management
[app] GET /api/risk-management/indicators
[app] GET /api/risk-management/dropdowns
[app] GET /api/risk-management
[app] GET /api/risk-management/indicators
[app] GET /api/risk-management/dropdowns
[app] GET /api/auth/me
[app] GET /api/privacy
[app] GET /api/privacy/assessment
[app] GET /api/frameworks/privacy/targets
[app] GET /api/privacy
[app] GET /api/privacy/assessment
[app] GET /api/frameworks/privacy/targets
[app] GET /favicon.ico
[app] GET /api/frameworks/iso27001/controls
[app] GET /api/frameworks/iso27001/objectives
[app] GET /api/frameworks/iso27001-soa/controls
[app] GET /api/files/policy-register/1788698794433-015aefdecd6c9c34-Script_Presentasi_BRINSIGHT_5_Menit.pdf
[app] POST /api/files/batch
[app] PUT /api/privacy/assessment
[app] GET /app
[app] GET /styles.css
[app] GET /modern.css
[app] GET /legacy-before-tailwind.css
[app] GET /legacy-after-tailwind.css
[app] GET /vue/assets/index-CSqjT6oQ.js
[app] GET /tailwind.css
[app] GET /vue/assets/index-BTrHBBtl.css
[app] GET /api/auth/me
[app] GET /api/policy-register
[policyRegisterRoutes] GET /
[policyRegisterRoutes] GET / - before permission check
[policyRegisterRoutes] GET / - after permission, calling list
[policyRegisterController.list] Handler called
[app] GET /api/frameworks/iso27001/controls
[app] GET /api/frameworks/iso27001-soa/controls
[app] GET /api/frameworks/iso27001/objectives
[app] GET /api/assessment
[app] GET /api/csf
[app] GET /api/frameworks/csf/targets
[app] GET /api/risk-acceptance
[policyRegisterController.list] Returning 2 policies
[app] GET /api/risk-management/indicators
[app] GET /api/risk-management
[app] GET /api/risk-management/dropdowns
[app] GET /api/auth/me
[app] GET /api/auth/me
[app] GET /api/privacy
[app] GET /favicon.ico
[app] GET /api/privacy/assessment
[app] GET /api/frameworks/privacy/targets
[app] GET /api/privacy
[app] GET /api/privacy/assessment
[app] GET /api/frameworks/privacy/targets
[app] GET /api/frameworks/iso27001/controls
[app] GET /api/frameworks/iso27001-soa/controls
[app] GET /api/frameworks/iso27001/objectives
[app] GET /api/frameworks/iso27001/controls
[app] GET /api/frameworks/iso27001-soa/controls
[app] GET /api/frameworks/iso27001/objectives
[app] GET /api/risk-acceptance/3/export/pdf
[app] GET /api/personnel-certifications
[app] GET /api/personnel-certifications/organization-personnel
[app] GET /api/certification-roadmap-catalog
[app] GET /api/policy-register/dropdowns
[policyRegisterRoutes] GET /dropdowns
[app] GET /api/policy-register
[policyRegisterRoutes] GET /
[policyRegisterRoutes] GET / - before permission check
[policyRegisterRoutes] GET / - after permission, calling list
[policyRegisterController.list] Handler called
[policyRegisterController.list] Returning 2 policies
[app] GET /api/audit-finding-tracker
[app] GET /app
[app] GET /styles.css
[app] GET /modern.css
[app] GET /legacy-before-tailwind.css
[app] GET /legacy-after-tailwind.css
[app] GET /tailwind.css
[app] GET /vue/assets/index-BTrHBBtl.css
[app] GET /vue/assets/index-q3-V8bEd.js
[app] GET /api/auth/me
[app] GET /api/policy-register
[policyRegisterRoutes] GET /
[policyRegisterRoutes] GET / - before permission check
[policyRegisterRoutes] GET / - after permission, calling list
[policyRegisterController.list] Handler called
[app] GET /api/frameworks/iso27001/controls
[app] GET /api/frameworks/iso27001-soa/controls
[app] GET /api/frameworks/iso27001/objectives
[app] GET /api/assessment
[policyRegisterController.list] Returning 2 policies
[app] GET /api/csf
[app] GET /api/frameworks/csf/targets
[app] GET /api/risk-acceptance
[app] GET /api/risk-management/indicators
[app] GET /api/risk-management
[app] GET /api/risk-management/dropdowns
[app] GET /api/audit-finding-tracker
[app] GET /api/auth/me
[app] GET /api/auth/me
[app] GET /api/privacy
[app] GET /api/privacy/assessment
[app] GET /api/frameworks/privacy/targets
[app] GET /favicon.ico
[app] GET /api/auth/me
[app] GET /api/files?details=true
[app] GET /api/privacy
[app] GET /api/privacy/assessment
[app] GET /api/frameworks/privacy/targets
[app] GET /api/policy-register/dropdowns
[policyRegisterRoutes] GET /dropdowns
[app] GET /api/policy-register
[policyRegisterRoutes] GET /
[policyRegisterRoutes] GET / - before permission check
[policyRegisterRoutes] GET / - after permission, calling list
[policyRegisterController.list] Handler called
[policyRegisterController.list] Returning 2 policies
[app] GET /api/files?details=true
[app] GET /api/files?details=true
[app] GET /api/frameworks/iso27001/controls
[app] GET /api/frameworks/iso27001-soa/controls
[app] GET /api/frameworks/iso27001/objectives
[app] GET /api/frameworks/iso27001-soa/controls
[app] GET /api/frameworks/iso27001/objectives
