[app] Mounting /api routes with requireAuth
[app] GET /api/frameworks/iso27001-soa/controls
[app] GET /api/frameworks/iso27001/objectives
[app] GET /api/frameworks/iso27001/objectives
[app] GET /api/frameworks/iso27001/objectives
[app] GET /api/frameworks/iso27001/objectives
[app] GET /api/frameworks/iso27001/objectives
[app] GET /api/frameworks/iso27001/objectives
[app] GET /app
[app] GET /login
[app] GET /tailwind.css
[app] GET /api/auth/me
[app] GET /api/auth/me
[app] GET /favicon.ico
[app] GET /login
[app] POST /api/auth/login
[app] GET /app
[app] GET /modern.css
[app] GET /styles.css
[app] GET /legacy-before-tailwind.css
[app] GET /legacy-after-tailwind.css
[app] GET /vue/assets/index-BTrHBBtl.css
[app] GET /tailwind.css
[app] GET /vue/assets/index-4Z5dSSPW.js
[app] GET /api/auth/me
[app] GET /api/policy-register
[app] GET /api/frameworks/iso27001/controls
[app] GET /api/frameworks/iso27001-soa/controls
[app] GET /api/frameworks/iso27001/objectives
[app] GET /api/assessment
[app] GET /api/csf
[app] GET /api/frameworks/csf/targets
[app] GET /api/risk-acceptance
[app] GET /api/risk-management
[app] GET /api/risk-management/indicators
[app] GET /api/auth/me
[app] GET /api/risk-management/dropdowns
[app] GET /api/auth/me
[app] GET /api/privacy
[app] GET /api/privacy/assessment
[app] GET /api/frameworks/privacy/targets
[app] GET /favicon.ico
[app] GET /api/auth/me
[app] GET /api/privacy
[app] GET /api/privacy/assessment
[app] GET /api/frameworks/privacy/targets
[app] GET /api/frameworks/iso27001/controls
[app] GET /api/frameworks/iso27001-soa/controls
[app] GET /api/frameworks/iso27001/objectives
[app] GET /api/files/ISO%2027001/Policy/cba87cde-8968-4500-9170-549c1f772d45/Lukmanul_Hakim_CV_ATS.pdf
[app] GET /favicon.ico
[app] GET /api/files/ISO%2027001/Policy/cba87cde-8968-4500-9170-549c1f772d45/Lukmanul_Hakim_CV_ATS.pdf
