[app] Mounting /api routes with requireAuth
[app] GET /app
[app] GET /login
[app] GET /tailwind.css
[app] GET /api/auth/me
[app] GET /api/auth/me
[app] GET /favicon.ico
[app] GET /login
[app] POST /api/auth/login
[app] GET /app
[app] GET /styles.css
[app] GET /modern.css
[app] GET /legacy-before-tailwind.css
[app] GET /legacy-after-tailwind.css
[app] GET /tailwind.css
[app] GET /vue/assets/index-BTrHBBtl.css
[app] GET /vue/assets/index-4Z5dSSPW.js
[app] GET /api/auth/me
[app] GET /api/auth/me
[app] GET /api/policy-register
[app] GET /api/frameworks/iso27001/controls
[app] GET /api/frameworks/iso27001-soa/controls
[app] GET /api/frameworks/iso27001/objectives
[app] GET /api/assessment
[app] GET /api/csf
[app] GET /api/frameworks/csf/targets
[app] GET /api/risk-acceptance
[app] GET /api/risk-management
[app] GET /api/risk-management/indicators
[app] GET /api/risk-management/dropdowns
[app] GET /api/auth/me
[app] GET /api/auth/me
[app] GET /api/privacy
[app] GET /api/privacy/assessment
[app] GET /api/frameworks/privacy/targets
[app] GET /api/files?details=true
[app] GET /favicon.ico
[app] GET /api/privacy
[app] GET /api/privacy/assessment
[app] GET /api/frameworks/privacy/targets
[app] GET /api/frameworks/iso27001/controls
[app] GET /api/frameworks/iso27001-soa/controls
[app] GET /api/frameworks/iso27001/objectives
[app] GET /api/frameworks/iso27001-soa/controls
[app] GET /api/frameworks/iso27001/objectives
[app] GET /api/frameworks/iso27001/objectives
[app] GET /api/frameworks/iso27001/objectives
[app] GET /api/files/policy-register/1788698794433-015aefdecd6c9c34-Script_Presentasi_BRINSIGHT_5_Menit.pdf
[1adbc30a-367b-4ca1-8a69-02142577c564] Error: Evidence tidak tersedia.
    at invalid (C:\Users\25992005\Documents\Rahasia Negara\NIST Basis\src\services\evidenceAccessService.js:3:58)
    at Object.assertReadAccess (C:\Users\25992005\Documents\Rahasia Negara\NIST Basis\src\services\evidenceAccessService.js:30:30)
    at process.processTicksAndRejections (node:internal/process/task_queues:104:5)
    at async download (C:\Users\25992005\Documents\Rahasia Negara\NIST Basis\src\controllers\fileController.js:90:2) {
  status: 404
}
[app] GET /favicon.ico
[app] GET /api/files/policy-register/1788698794433-015aefdecd6c9c34-Script_Presentasi_BRINSIGHT_5_Menit.pdf
[1bfd4d92-14e5-4ce8-bb8e-061148e3d96f] Error: Evidence tidak tersedia.
    at invalid (C:\Users\25992005\Documents\Rahasia Negara\NIST Basis\src\services\evidenceAccessService.js:3:58)
    at Object.assertReadAccess (C:\Users\25992005\Documents\Rahasia Negara\NIST Basis\src\services\evidenceAccessService.js:30:30)
    at process.processTicksAndRejections (node:internal/process/task_queues:104:5)
    at async download (C:\Users\25992005\Documents\Rahasia Negara\NIST Basis\src\controllers\fileController.js:90:2) {
  status: 404
}
[app] GET /favicon.ico
[app] GET /api/files/policy-register/1788698794433-015aefdecd6c9c34-Script_Presentasi_BRINSIGHT_5_Menit.pdf
[7471dbec-31bd-4f12-8d3c-a9c033fa4800] Error: Evidence tidak tersedia.
    at invalid (C:\Users\25992005\Documents\Rahasia Negara\NIST Basis\src\services\evidenceAccessService.js:3:58)
    at Object.assertReadAccess (C:\Users\25992005\Documents\Rahasia Negara\NIST Basis\src\services\evidenceAccessService.js:30:30)
    at process.processTicksAndRejections (node:internal/process/task_queues:104:5)
    at async download (C:\Users\25992005\Documents\Rahasia Negara\NIST Basis\src\controllers\fileController.js:90:2) {
  status: 404
}
[app] GET /favicon.ico
[app] GET /api/files/policy-register/1788698794433-015aefdecd6c9c34-Script_Presentasi_BRINSIGHT_5_Menit.pdf
[18941da9-8529-4e21-9acd-ce853fbf14ed] Error: Evidence tidak tersedia.
    at invalid (C:\Users\25992005\Documents\Rahasia Negara\NIST Basis\src\services\evidenceAccessService.js:3:58)
    at Object.assertReadAccess (C:\Users\25992005\Documents\Rahasia Negara\NIST Basis\src\services\evidenceAccessService.js:30:30)
    at process.processTicksAndRejections (node:internal/process/task_queues:104:5)
    at async download (C:\Users\25992005\Documents\Rahasia Negara\NIST Basis\src\controllers\fileController.js:90:2) {
  status: 404
}
[app] GET /favicon.ico
[app] GET /api/files/policy-register/1788698794433-015aefdecd6c9c34-Script_Presentasi_BRINSIGHT_5_Menit.pdf
[69efc080-237d-469c-9ea4-09302ab8af37] Error: Evidence tidak tersedia.
    at invalid (C:\Users\25992005\Documents\Rahasia Negara\NIST Basis\src\services\evidenceAccessService.js:3:58)
    at Object.assertReadAccess (C:\Users\25992005\Documents\Rahasia Negara\NIST Basis\src\services\evidenceAccessService.js:30:30)
    at process.processTicksAndRejections (node:internal/process/task_queues:104:5)
    at async download (C:\Users\25992005\Documents\Rahasia Negara\NIST Basis\src\controllers\fileController.js:90:2) {
  status: 404
}
[app] GET /favicon.ico
[app] GET /api/files/policy-register/1788698794433-015aefdecd6c9c34-Script_Presentasi_BRINSIGHT_5_Menit.pdf
[76da2ba1-6595-4272-96ae-2968c9e786a9] Error: Evidence tidak tersedia.
    at invalid (C:\Users\25992005\Documents\Rahasia Negara\NIST Basis\src\services\evidenceAccessService.js:3:58)
    at Object.assertReadAccess (C:\Users\25992005\Documents\Rahasia Negara\NIST Basis\src\services\evidenceAccessService.js:30:30)
    at process.processTicksAndRejections (node:internal/process/task_queues:104:5)
    at async download (C:\Users\25992005\Documents\Rahasia Negara\NIST Basis\src\controllers\fileController.js:90:2) {
  status: 404
}
[app] GET /favicon.ico
[app] GET /api/files/policy-register/1788698794433-015aefdecd6c9c34-Script_Presentasi_BRINSIGHT_5_Menit.pdf
[00ff1755-e49d-4c18-acb1-474006143303] Error: Evidence tidak tersedia.
    at invalid (C:\Users\25992005\Documents\Rahasia Negara\NIST Basis\src\services\evidenceAccessService.js:3:58)
    at Object.assertReadAccess (C:\Users\25992005\Documents\Rahasia Negara\NIST Basis\src\services\evidenceAccessService.js:30:30)
    at process.processTicksAndRejections (node:internal/process/task_queues:104:5)
    at async download (C:\Users\25992005\Documents\Rahasia Negara\NIST Basis\src\controllers\fileController.js:90:2) {
  status: 404
}
[app] GET /favicon.ico
[app] GET /api/files/policy-register/1788698794433-015aefdecd6c9c34-Script_Presentasi_BRINSIGHT_5_Menit.pdf
[b41a192f-2e28-4899-ace9-c6321c7790cb] Error: Evidence tidak tersedia.
    at invalid (C:\Users\25992005\Documents\Rahasia Negara\NIST Basis\src\services\evidenceAccessService.js:3:58)
    at Object.assertReadAccess (C:\Users\25992005\Documents\Rahasia Negara\NIST Basis\src\services\evidenceAccessService.js:30:30)
    at process.processTicksAndRejections (node:internal/process/task_queues:104:5)
    at async download (C:\Users\25992005\Documents\Rahasia Negara\NIST Basis\src\controllers\fileController.js:90:2) {
  status: 404
}
[app] GET /favicon.ico
[app] GET /api/files/policy-register/1788698794433-015aefdecd6c9c34-Script_Presentasi_BRINSIGHT_5_Menit.pdf
[628ee24a-3f7e-4a07-a69f-1d3e5ed1b75b] Error: Evidence tidak tersedia.
    at invalid (C:\Users\25992005\Documents\Rahasia Negara\NIST Basis\src\services\evidenceAccessService.js:3:58)
    at Object.assertReadAccess (C:\Users\25992005\Documents\Rahasia Negara\NIST Basis\src\services\evidenceAccessService.js:30:30)
    at process.processTicksAndRejections (node:internal/process/task_queues:104:5)
    at async download (C:\Users\25992005\Documents\Rahasia Negara\NIST Basis\src\controllers\fileController.js:90:2) {
  status: 404
}
[app] GET /favicon.ico
[app] GET /api/files/policy-register/1788698794433-015aefdecd6c9c34-Script_Presentasi_BRINSIGHT_5_Menit.pdf
[b1d2fa27-906a-481e-aa04-4b859364c41c] Error: Evidence tidak tersedia.
    at invalid (C:\Users\25992005\Documents\Rahasia Negara\NIST Basis\src\services\evidenceAccessService.js:3:58)
    at Object.assertReadAccess (C:\Users\25992005\Documents\Rahasia Negara\NIST Basis\src\services\evidenceAccessService.js:30:30)
    at process.processTicksAndRejections (node:internal/process/task_queues:104:5)
    at async download (C:\Users\25992005\Documents\Rahasia Negara\NIST Basis\src\controllers\fileController.js:90:2) {
  status: 404
}
[app] GET /favicon.ico
[app] PUT /api/frameworks/iso27001/controls/4.1/evidence
[app] POST /api/auth/logout
[app] GET /login
[app] GET /tailwind.css
[app] GET /api/auth/me
[app] GET /api/auth/me
[app] GET /favicon.ico
[app] GET /login
[app] POST /api/auth/login
[app] GET /app
[app] GET /styles.css
[app] GET /modern.css
[app] GET /legacy-before-tailwind.css
[app] GET /legacy-after-tailwind.css
[app] GET /vue/assets/index-BTrHBBtl.css
[app] GET /tailwind.css
[app] GET /vue/assets/index-4Z5dSSPW.js
[app] GET /api/auth/me
[app] GET /api/policy-register
[app] GET /api/frameworks/iso27001/controls
[app] GET /api/frameworks/iso27001-soa/controls
[app] GET /api/frameworks/iso27001/objectives
[app] GET /api/auth/me
[app] GET /api/assessment
[app] GET /api/csf
[app] GET /api/frameworks/csf/targets
[app] GET /api/risk-acceptance
[app] GET /api/risk-management
[app] GET /api/risk-management/indicators
[app] GET /api/risk-management/dropdowns
[app] GET /api/auth/me
[app] GET /api/privacy
[app] GET /api/privacy/assessment
[app] GET /api/frameworks/privacy/targets
[app] GET /favicon.ico
[app] GET /api/auth/me
[app] GET /api/privacy
[app] GET /api/privacy/assessment
[app] GET /api/frameworks/privacy/targets
[app] GET /api/frameworks/iso27001/controls
[app] GET /api/frameworks/iso27001-soa/controls
[app] GET /api/frameworks/iso27001/objectives
[app] GET /api/files/ISO%2027001/Policy/cba87cde-8968-4500-9170-549c1f772d45/Lukmanul_Hakim_CV_ATS.pdf
[app] GET /favicon.ico
[app] GET /api/files/ISO%2027001/Policy/324f26af-7aea-4574-a6f3-154689b84fa0/Tanpa%20judul.jpeg
[app] GET /favicon.ico
[app] GET /api/frameworks/iso27001/controls
[app] GET /api/frameworks/iso27001/objectives
[app] GET /api/frameworks/iso27001-soa/controls
