[policyRegisterController] Module loaded
[policyRegisterRoutes] Loading routes
[policyRegisterRoutes] Routes configured successfully
Database exists: nist_basis
Tables ready: app_users, assessment_state, evidence_files
Personnel Certification and roadmap catalog seed ready.
NIST CSF Express server: http://localhost:8000
[app] GET /app
[app] GET /login
[app] GET /tailwind.css
[app] GET /api/auth/me
[app] GET /api/auth/me
[app] GET /favicon.ico
[app] GET /login
[app] POST /api/auth/login
[app] GET /app
[app] GET /styles.css
[app] GET /modern.css
[app] GET /legacy-before-tailwind.css
[app] GET /legacy-after-tailwind.css
[app] GET /tailwind.css
[app] GET /vue/assets/index-BTrHBBtl.css
[app] GET /vue/assets/index-4Z5dSSPW.js
[app] GET /api/auth/me
[app] GET /api/auth/me
[app] GET /api/policy-register
[policyRegisterRoutes] GET /
[policyRegisterRoutes] GET / - before permission check
[policyRegisterRoutes] GET / - after permission, calling list
[policyRegisterController.list] Handler called
[app] GET /api/frameworks/iso27001/controls
[app] GET /api/frameworks/iso27001-soa/controls
[app] GET /api/frameworks/iso27001/objectives
[app] GET /api/assessment
[app] GET /api/csf
[policyRegisterController.list] Returning 2 policies
[app] GET /api/frameworks/csf/targets
[app] GET /api/risk-acceptance
[app] GET /api/risk-management
[app] GET /api/risk-management/indicators
[app] GET /api/risk-management/dropdowns
[app] GET /api/auth/me
[app] GET /api/auth/me
[app] GET /api/privacy
[app] GET /api/privacy/assessment
[app] GET /api/frameworks/privacy/targets
[app] GET /api/files?details=true
[app] GET /favicon.ico
[app] GET /api/privacy
[app] GET /api/privacy/assessment
[app] GET /api/frameworks/privacy/targets
[app] GET /api/frameworks/iso27001/controls
[app] GET /api/frameworks/iso27001-soa/controls
[app] GET /api/frameworks/iso27001/objectives
[app] GET /api/frameworks/iso27001-soa/controls
[app] GET /api/frameworks/iso27001/objectives
[app] GET /api/frameworks/iso27001/objectives
[app] GET /api/frameworks/iso27001/objectives
[app] GET /api/files/policy-register/1788698794433-015aefdecd6c9c34-Script_Presentasi_BRINSIGHT_5_Menit.pdf
[app] GET /favicon.ico
[app] GET /api/files/policy-register/1788698794433-015aefdecd6c9c34-Script_Presentasi_BRINSIGHT_5_Menit.pdf
[app] GET /favicon.ico
[app] GET /api/files/policy-register/1788698794433-015aefdecd6c9c34-Script_Presentasi_BRINSIGHT_5_Menit.pdf
[app] GET /favicon.ico
[app] GET /api/files/policy-register/1788698794433-015aefdecd6c9c34-Script_Presentasi_BRINSIGHT_5_Menit.pdf
[app] GET /favicon.ico
[app] GET /api/files/policy-register/1788698794433-015aefdecd6c9c34-Script_Presentasi_BRINSIGHT_5_Menit.pdf
[app] GET /favicon.ico
[app] GET /api/files/policy-register/1788698794433-015aefdecd6c9c34-Script_Presentasi_BRINSIGHT_5_Menit.pdf
[app] GET /favicon.ico
[app] GET /api/files/policy-register/1788698794433-015aefdecd6c9c34-Script_Presentasi_BRINSIGHT_5_Menit.pdf
[app] GET /favicon.ico
[app] GET /api/files/policy-register/1788698794433-015aefdecd6c9c34-Script_Presentasi_BRINSIGHT_5_Menit.pdf
[app] GET /favicon.ico
[app] GET /api/files/policy-register/1788698794433-015aefdecd6c9c34-Script_Presentasi_BRINSIGHT_5_Menit.pdf
[app] GET /favicon.ico
[app] GET /api/files/policy-register/1788698794433-015aefdecd6c9c34-Script_Presentasi_BRINSIGHT_5_Menit.pdf
[app] GET /favicon.ico
[app] PUT /api/frameworks/iso27001/controls/4.1/evidence
[app] POST /api/auth/logout
[app] GET /login
[app] GET /tailwind.css
[app] GET /api/auth/me
[app] GET /api/auth/me
[app] GET /favicon.ico
[app] GET /login
[app] POST /api/auth/login
[app] GET /app
[app] GET /styles.css
[app] GET /modern.css
[app] GET /legacy-before-tailwind.css
[app] GET /legacy-after-tailwind.css
[app] GET /vue/assets/index-BTrHBBtl.css
[app] GET /tailwind.css
[app] GET /vue/assets/index-4Z5dSSPW.js
[app] GET /api/auth/me
[app] GET /api/policy-register
[policyRegisterRoutes] GET /
[policyRegisterRoutes] GET / - before permission check
[app] GET /api/frameworks/iso27001/controls
[app] GET /api/frameworks/iso27001-soa/controls
[app] GET /api/frameworks/iso27001/objectives
[app] GET /api/auth/me
[app] GET /api/assessment
[policyRegisterRoutes] GET / - after permission, calling list
[policyRegisterController.list] Handler called
[policyRegisterController.list] Returning 2 policies
[app] GET /api/csf
[app] GET /api/frameworks/csf/targets
[app] GET /api/risk-acceptance
[app] GET /api/risk-management
[app] GET /api/risk-management/indicators
[app] GET /api/risk-management/dropdowns
[app] GET /api/auth/me
[app] GET /api/privacy
[app] GET /api/privacy/assessment
[app] GET /api/frameworks/privacy/targets
[app] GET /favicon.ico
[app] GET /api/auth/me
[app] GET /api/privacy
[app] GET /api/privacy/assessment
[app] GET /api/frameworks/privacy/targets
[app] GET /api/frameworks/iso27001/controls
[app] GET /api/frameworks/iso27001-soa/controls
[app] GET /api/frameworks/iso27001/objectives
[app] GET /api/files/ISO%2027001/Policy/cba87cde-8968-4500-9170-549c1f772d45/Lukmanul_Hakim_CV_ATS.pdf
[app] GET /favicon.ico
[app] GET /api/files/ISO%2027001/Policy/324f26af-7aea-4574-a6f3-154689b84fa0/Tanpa%20judul.jpeg
[app] GET /favicon.ico
[app] GET /api/frameworks/iso27001/controls
[app] GET /api/frameworks/iso27001/objectives
[app] GET /api/frameworks/iso27001-soa/controls
