[policyRegisterController] Module loaded
[policyRegisterRoutes] Loading routes
[policyRegisterRoutes] Routes configured successfully
Database exists: nist_basis
Tables ready: app_users, assessment_state, evidence_files
Personnel Certification and roadmap catalog seed ready.
NIST CSF Express server: http://localhost:8000
[app] GET /app
[app] GET /login
[app] GET /tailwind.css
[app] GET /api/auth/me
[app] GET /api/auth/me
[app] GET /favicon.ico
[app] GET /login
[app] POST /api/auth/login
[app] GET /app
[app] GET /styles.css
[app] GET /modern.css
[app] GET /legacy-before-tailwind.css
[app] GET /tailwind.css
[app] GET /legacy-after-tailwind.css
[app] GET /vue/assets/index-BTrHBBtl.css
[app] GET /vue/assets/index-fcXHsvS-.js
[app] GET /api/auth/me
[app] GET /api/auth/me
[app] GET /api/policy-register
[policyRegisterRoutes] GET /
[policyRegisterRoutes] GET / - before permission check
[app] GET /api/frameworks/iso27001/controls
[app] GET /api/frameworks/iso27001-soa/controls
[app] GET /api/frameworks/iso27001/objectives
[app] GET /api/assessment
[app] GET /api/csf
[app] GET /api/frameworks/csf/targets
[policyRegisterRoutes] GET / - after permission, calling list
[policyRegisterController.list] Handler called
[app] GET /api/risk-acceptance
[policyRegisterController.list] Returning 2 policies
[app] GET /api/risk-management
[app] GET /api/risk-management/indicators
[app] GET /api/risk-management/dropdowns
[app] GET /api/auth/me
[app] GET /api/auth/me
[app] GET /api/privacy
[app] GET /api/privacy/assessment
[app] GET /api/frameworks/privacy/targets
[app] GET /favicon.ico
[app] GET /api/files/access/ISO%2027001/Policy/cba87cde-8968-4500-9170-549c1f772d45/Lukmanul_Hakim_CV_ATS.pdf
[app] GET /api/files/access/ISO%2027001/Policy/324f26af-7aea-4574-a6f3-154689b84fa0/Tanpa%20judul.jpeg
[app] GET /api/privacy
[app] GET /api/privacy/assessment
[app] GET /api/frameworks/privacy/targets
[app] GET /api/files/access/upload/COMMUNICATE-P/Policy/1788341401042-69997f978423ab9f-relevansi%20kebijakan%20_1_.xlsx
[app] GET /api/files/access/upload/Govern/Policy/60fabe4a-354f-4c9b-90bf-9ee7af978ab9/Cybersecurity-Risk-Acceptance-Form-3%20_8_.pdf
[app] GET /api/frameworks/iso27001/controls
[app] GET /api/frameworks/iso27001-soa/controls
[app] GET /api/frameworks/iso27001/objectives
[app] GET /api/frameworks/iso27001-soa/controls
[app] GET /api/risk-management
[app] GET /api/risk-management/indicators
[app] GET /api/risk-management/dropdowns
[app] GET /app
[app] GET /styles.css
[app] GET /modern.css
[app] GET /legacy-after-tailwind.css
[app] GET /vue/assets/index-BTrHBBtl.css
[app] GET /vue/assets/index-fcXHsvS-.js
[app] GET /legacy-before-tailwind.css
[app] GET /api/auth/me
[app] GET /api/policy-register
[policyRegisterRoutes] GET /
[policyRegisterRoutes] GET / - before permission check
[app] GET /api/auth/me
[app] GET /api/frameworks/iso27001/controls
[app] GET /api/frameworks/iso27001-soa/controls
[app] GET /api/frameworks/iso27001/objectives
[app] GET /api/assessment
[policyRegisterRoutes] GET / - after permission, calling list
[policyRegisterController.list] Handler called
[policyRegisterController.list] Returning 2 policies
[app] GET /api/csf
[app] GET /api/frameworks/csf/targets
[app] GET /api/risk-acceptance
[app] GET /api/risk-management
[app] GET /api/risk-management/indicators
[app] GET /api/risk-management/dropdowns
[app] GET /api/risk-management
[app] GET /api/risk-management/indicators
[app] GET /api/risk-management/dropdowns
[app] GET /api/auth/me
[app] GET /api/auth/me
[app] GET /api/privacy
[app] GET /api/privacy/assessment
[app] GET /api/frameworks/privacy/targets
[app] GET /api/files/access/ISO%2027001/Policy/cba87cde-8968-4500-9170-549c1f772d45/Lukmanul_Hakim_CV_ATS.pdf
[app] GET /api/files/access/ISO%2027001/Policy/324f26af-7aea-4574-a6f3-154689b84fa0/Tanpa%20judul.jpeg
[app] GET /favicon.ico
[app] GET /api/privacy
[app] GET /api/privacy/assessment
[app] GET /api/frameworks/privacy/targets
[app] GET /api/files/access/upload/COMMUNICATE-P/Policy/1788341401042-69997f978423ab9f-relevansi%20kebijakan%20_1_.xlsx
[app] GET /api/files/access/upload/Govern/Policy/60fabe4a-354f-4c9b-90bf-9ee7af978ab9/Cybersecurity-Risk-Acceptance-Form-3%20_8_.pdf
[app] GET /app
[app] GET /styles.css
[app] GET /modern.css
[app] GET /legacy-before-tailwind.css
[app] GET /legacy-after-tailwind.css
[app] GET /vue/assets/index-BTrHBBtl.css
[app] GET /vue/assets/index-fcXHsvS-.js
[app] GET /api/auth/me
[app] GET /api/policy-register
[policyRegisterRoutes] GET /
[policyRegisterRoutes] GET / - before permission check
[app] GET /api/frameworks/iso27001/controls
[app] GET /api/auth/me
[app] GET /api/assessment
[app] GET /api/frameworks/iso27001/objectives
[app] GET /api/frameworks/iso27001-soa/controls
[policyRegisterRoutes] GET / - after permission, calling list
[policyRegisterController.list] Handler called
[policyRegisterController.list] Returning 2 policies
[app] GET /api/csf
[app] GET /api/frameworks/csf/targets
[app] GET /api/risk-acceptance
[app] GET /api/risk-management
[app] GET /api/risk-management/indicators
[app] GET /api/risk-management/dropdowns
[app] GET /api/risk-management
[app] GET /api/risk-management/indicators
[app] GET /api/risk-management/dropdowns
[app] GET /api/auth/me
[app] GET /api/auth/me
[app] GET /api/privacy
[app] GET /api/privacy/assessment
[app] GET /api/frameworks/privacy/targets
[app] GET /favicon.ico
[app] GET /api/files/access/ISO%2027001/Policy/cba87cde-8968-4500-9170-549c1f772d45/Lukmanul_Hakim_CV_ATS.pdf
[app] GET /api/files/access/ISO%2027001/Policy/324f26af-7aea-4574-a6f3-154689b84fa0/Tanpa%20judul.jpeg
[app] GET /api/files/access/upload/Govern/Policy/60fabe4a-354f-4c9b-90bf-9ee7af978ab9/Cybersecurity-Risk-Acceptance-Form-3%20_8_.pdf
[app] GET /api/privacy
[app] GET /api/frameworks/privacy/targets
[app] GET /api/privacy/assessment
[app] GET /api/files/access/upload/COMMUNICATE-P/Policy/1788341401042-69997f978423ab9f-relevansi%20kebijakan%20_1_.xlsx
[app] GET /api/audit-finding-tracker
[app] GET /api/policy-register/dropdowns
[policyRegisterRoutes] GET /dropdowns
[app] GET /api/policy-register
[policyRegisterRoutes] GET /
[policyRegisterRoutes] GET / - before permission check
[policyRegisterRoutes] GET / - after permission, calling list
[policyRegisterController.list] Handler called
[policyRegisterController.list] Returning 2 policies
[app] GET /api/personnel-certifications
[app] GET /api/personnel-certifications/organization-personnel
[app] GET /api/certification-roadmap-catalog
[app] PUT /api/personnel-certifications/483/layout
[app] PUT /api/personnel-certifications/482/layout
[app] PUT /api/personnel-certifications/487/layout
[app] PUT /api/personnel-certifications/485/layout
[app] PUT /api/personnel-certifications/482/layout
[app] PUT /api/personnel-certifications/482/layout
[app] GET /app
[app] GET /styles.css
[app] GET /modern.css
[app] GET /legacy-before-tailwind.css
[app] GET /legacy-after-tailwind.css
[app] GET /vue/assets/index-BTrHBBtl.css
[app] GET /tailwind.css
[app] GET /vue/assets/index-jMfVdISV.js
[app] GET /api/auth/me
[app] GET /api/auth/me
[app] GET /api/policy-register
[policyRegisterRoutes] GET /
[policyRegisterRoutes] GET / - before permission check
[app] GET /api/frameworks/iso27001/controls
[app] GET /api/frameworks/iso27001-soa/controls
[app] GET /api/frameworks/iso27001/objectives
[policyRegisterRoutes] GET / - after permission, calling list
[policyRegisterController.list] Handler called
[app] GET /api/csf
[app] GET /api/assessment
[policyRegisterController.list] Returning 2 policies
[app] GET /api/frameworks/csf/targets
[app] GET /api/risk-acceptance
[app] GET /api/risk-management
[app] GET /api/risk-management/indicators
[app] GET /api/risk-management/dropdowns
[app] GET /api/personnel-certifications
[app] GET /api/personnel-certifications/organization-personnel
[app] GET /api/certification-roadmap-catalog
[app] GET /api/auth/me
[app] GET /api/auth/me
[app] GET /api/privacy
[app] GET /api/privacy/assessment
[app] GET /api/frameworks/privacy/targets
[app] GET /favicon.ico
[app] GET /api/privacy
[app] GET /api/privacy/assessment
[app] GET /api/frameworks/privacy/targets
[app] GET /api/files/access/upload/COMMUNICATE-P/Policy/1788341401042-69997f978423ab9f-relevansi%20kebijakan%20_1_.xlsx
[app] GET /api/files/access/ISO%2027001/Policy/cba87cde-8968-4500-9170-549c1f772d45/Lukmanul_Hakim_CV_ATS.pdf
[app] GET /api/files/access/ISO%2027001/Policy/324f26af-7aea-4574-a6f3-154689b84fa0/Tanpa%20judul.jpeg
[app] GET /api/files/access/upload/Govern/Policy/60fabe4a-354f-4c9b-90bf-9ee7af978ab9/Cybersecurity-Risk-Acceptance-Form-3%20_8_.pdf
[app] GET /app
[app] GET /styles.css
[app] GET /modern.css
[app] GET /legacy-before-tailwind.css
[app] GET /vue/assets/index-jMfVdISV.js
[app] GET /tailwind.css
[app] GET /legacy-after-tailwind.css
[app] GET /vue/assets/index-BTrHBBtl.css
[app] GET /api/auth/me
[app] GET /api/policy-register
[policyRegisterRoutes] GET /
[policyRegisterRoutes] GET / - before permission check
[app] GET /api/frameworks/iso27001/controls
[app] GET /api/frameworks/iso27001-soa/controls
[app] GET /api/frameworks/iso27001/objectives
[app] GET /api/auth/me
[app] GET /api/assessment
[policyRegisterRoutes] GET / - after permission, calling list
[policyRegisterController.list] Handler called
[policyRegisterController.list] Returning 2 policies
[app] GET /api/csf
[app] GET /api/frameworks/csf/targets
[app] GET /api/risk-acceptance
[app] GET /api/risk-management
[app] GET /api/risk-management/indicators
[app] GET /api/risk-management/dropdowns
[app] GET /api/personnel-certifications
[app] GET /api/personnel-certifications/organization-personnel
[app] GET /api/certification-roadmap-catalog
[app] GET /api/auth/me
[app] GET /api/auth/me
[app] GET /api/privacy
[app] GET /api/privacy/assessment
[app] GET /api/frameworks/privacy/targets
[app] GET /favicon.ico
[app] GET /api/files/access/ISO%2027001/Policy/cba87cde-8968-4500-9170-549c1f772d45/Lukmanul_Hakim_CV_ATS.pdf
[app] GET /api/files/access/ISO%2027001/Policy/324f26af-7aea-4574-a6f3-154689b84fa0/Tanpa%20judul.jpeg
[app] GET /api/files/access/upload/Govern/Policy/60fabe4a-354f-4c9b-90bf-9ee7af978ab9/Cybersecurity-Risk-Acceptance-Form-3%20_8_.pdf
[app] GET /api/privacy
[app] GET /api/privacy/assessment
[app] GET /api/frameworks/privacy/targets
[app] GET /api/files/access/upload/COMMUNICATE-P/Policy/1788341401042-69997f978423ab9f-relevansi%20kebijakan%20_1_.xlsx
[app] POST /api/auth/logout
[app] GET /login
[app] GET /tailwind.css
[app] GET /api/auth/me
[app] GET /api/auth/me
[app] GET /favicon.ico
[app] GET /login
[app] POST /api/auth/login
[app] GET /app
[app] GET /styles.css
[app] GET /modern.css
[app] GET /legacy-before-tailwind.css
[app] GET /legacy-after-tailwind.css
[app] GET /tailwind.css
[app] GET /vue/assets/index-BTrHBBtl.css
[app] GET /vue/assets/index-jMfVdISV.js
[app] GET /api/auth/me
[app] GET /api/auth/me
[app] GET /api/policy-register
[policyRegisterRoutes] GET /
[policyRegisterRoutes] GET / - before permission check
[policyRegisterRoutes] GET / - after permission, calling list
[policyRegisterController.list] Handler called
[app] GET /api/frameworks/iso27001/controls
[app] GET /api/frameworks/iso27001-soa/controls
[app] GET /api/assessment
[app] GET /api/frameworks/iso27001/objectives
[app] GET /api/csf
[policyRegisterController.list] Returning 2 policies
[app] GET /api/risk-acceptance
[app] GET /api/frameworks/csf/targets
[app] GET /api/risk-management
[app] GET /api/risk-management/indicators
[app] GET /api/risk-management/dropdowns
[app] GET /api/auth/me
[app] GET /api/auth/me
[app] GET /api/privacy
[app] GET /api/privacy/assessment
[app] GET /api/frameworks/privacy/targets
[app] GET /api/files?details=true
[app] GET /favicon.ico
[app] GET /api/files/access/ISO%2027001/Policy/cba87cde-8968-4500-9170-549c1f772d45/Lukmanul_Hakim_CV_ATS.pdf
[app] GET /api/files/access/ISO%2027001/Policy/324f26af-7aea-4574-a6f3-154689b84fa0/Tanpa%20judul.jpeg
[app] GET /api/files/access/upload/Govern/Policy/60fabe4a-354f-4c9b-90bf-9ee7af978ab9/Cybersecurity-Risk-Acceptance-Form-3%20_8_.pdf
[app] GET /api/privacy
[app] GET /api/privacy/assessment
[app] GET /api/frameworks/privacy/targets
[app] GET /api/files/access/upload/COMMUNICATE-P/Policy/1788341401042-69997f978423ab9f-relevansi%20kebijakan%20_1_.xlsx
[app] GET /api/personnel-certifications/organization-personnel
[app] GET /api/personnel-certifications
[app] GET /api/certification-roadmap-catalog
[app] PUT /api/personnel-certifications/482/layout
[app] PUT /api/personnel-certifications/488/layout
[app] PUT /api/personnel-certifications/483/layout
[app] PUT /api/personnel-certifications/482/layout
[app] PUT /api/personnel-certifications/489/layout
[app] PUT /api/personnel-certifications/487/layout
[app] PUT /api/personnel-certifications/485/layout
[app] PUT /api/personnel-certifications/488/layout
[app] PUT /api/personnel-certifications/488/layout
[app] GET /api/risk-management
[app] GET /api/risk-management/indicators
[app] GET /api/risk-management/dropdowns
[app] GET /api/audit-finding-tracker
[app] GET /
[app] GET /favicon.ico
[app] GET /login
[app] GET /login
[app] GET /tailwind.css
[app] GET /api/auth/me
[app] GET /api/auth/me
[app] GET /favicon.ico
[app] GET /login
[app] POST /api/auth/login
[app] GET /app
[app] GET /styles.css
[app] GET /modern.css
[app] GET /legacy-after-tailwind.css
[app] GET /tailwind.css
[app] GET /legacy-before-tailwind.css
[app] GET /vue/assets/index-BTrHBBtl.css
[app] GET /vue/assets/index-jMfVdISV.js
[app] GET /api/auth/me
[app] GET /api/auth/me
[app] GET /api/policy-register
[policyRegisterRoutes] GET /
[policyRegisterRoutes] GET / - before permission check
[app] GET /api/auth/me
[app] GET /api/frameworks/iso27001/controls
[app] GET /api/frameworks/iso27001/objectives
[app] GET /api/frameworks/iso27001-soa/controls
[app] GET /api/assessment
[policyRegisterRoutes] GET / - after permission, calling list
[policyRegisterController.list] Handler called
[app] GET /api/csf
[app] GET /api/frameworks/csf/targets
[app] GET /api/risk-acceptance
[app] GET /api/risk-management
[app] GET /api/risk-management/indicators
[app] GET /api/risk-management/dropdowns
[app] GET /api/auth/me
[app] GET /api/privacy
[app] GET /api/privacy/assessment
[app] GET /api/frameworks/privacy/targets
[app] GET /api/privacy
[app] GET /api/privacy/assessment
[app] GET /api/frameworks/privacy/targets
[app] GET /api/files/access/ISO%2027001/Policy/cba87cde-8968-4500-9170-549c1f772d45/Lukmanul_Hakim_CV_ATS.pdf
[app] GET /favicon.ico
[app] GET /api/files/access/ISO%2027001/Policy/324f26af-7aea-4574-a6f3-154689b84fa0/Tanpa%20judul.jpeg
[app] GET /api/files/access/upload/Govern/Policy/60fabe4a-354f-4c9b-90bf-9ee7af978ab9/Cybersecurity-Risk-Acceptance-Form-3%20_8_.pdf
[app] GET /api/files/access/upload/COMMUNICATE-P/Policy/1788341401042-69997f978423ab9f-relevansi%20kebijakan%20_1_.xlsx
[policyRegisterController.list] Returning 2 policies
[app] GET /api/frameworks/iso27001/controls
[app] GET /api/frameworks/iso27001/objectives
[app] GET /api/frameworks/iso27001-soa/controls
[app] GET /api/frameworks/iso27001/objectives
[app] GET /api/frameworks/iso27001/objectives
[app] GET /api/frameworks/iso27001-soa/controls
[app] GET /favicon.ico
[app] GET /app
[app] GET /styles.css
[app] GET /modern.css
[app] GET /legacy-before-tailwind.css
[app] GET /legacy-after-tailwind.css
[app] GET /vue/assets/index-BTrHBBtl.css
[app] GET /vue/assets/index-jMfVdISV.js
[app] GET /api/auth/me
[app] GET /api/policy-register
[policyRegisterRoutes] GET /
[policyRegisterRoutes] GET / - before permission check
[app] GET /api/frameworks/iso27001/controls
[app] GET /api/frameworks/iso27001-soa/controls
[app] GET /api/frameworks/iso27001/objectives
[app] GET /api/assessment
[policyRegisterRoutes] GET / - after permission, calling list
[policyRegisterController.list] Handler called
[app] GET /api/csf
[policyRegisterController.list] Returning 2 policies
[app] GET /api/frameworks/csf/targets
[app] GET /api/risk-acceptance
[app] GET /api/risk-management
[app] GET /api/risk-management/indicators
[app] GET /api/risk-management/dropdowns
[app] GET /api/auth/me
[app] GET /api/auth/me
[app] GET /api/privacy
[app] GET /api/privacy/assessment
[app] GET /api/frameworks/privacy/targets
[app] GET /favicon.ico
[app] GET /api/auth/me
[app] GET /api/files/access/ISO%2027001/Policy/cba87cde-8968-4500-9170-549c1f772d45/Lukmanul_Hakim_CV_ATS.pdf
[app] GET /api/files/access/ISO%2027001/Policy/324f26af-7aea-4574-a6f3-154689b84fa0/Tanpa%20judul.jpeg
[app] GET /api/privacy
[app] GET /api/privacy/assessment
[app] GET /api/frameworks/privacy/targets
[app] GET /api/files/access/upload/COMMUNICATE-P/Policy/1788341401042-69997f978423ab9f-relevansi%20kebijakan%20_1_.xlsx
[app] GET /api/files/access/upload/Govern/Policy/60fabe4a-354f-4c9b-90bf-9ee7af978ab9/Cybersecurity-Risk-Acceptance-Form-3%20_8_.pdf
[app] GET /api/frameworks/iso27001/controls
[app] GET /api/frameworks/iso27001-soa/controls
[app] GET /api/frameworks/iso27001/objectives
[app] GET /api/frameworks/iso27001-soa/controls
[app] GET /app
[app] GET /modern.css
[app] GET /styles.css
[app] GET /legacy-before-tailwind.css
[app] GET /legacy-after-tailwind.css
[app] GET /vue/assets/index-BTrHBBtl.css
[app] GET /tailwind.css
[app] GET /vue/assets/index-CD7VXiRF.js
[app] GET /api/auth/me
[app] GET /api/policy-register
[policyRegisterRoutes] GET /
[policyRegisterRoutes] GET / - before permission check
[app] GET /api/frameworks/iso27001/controls
[app] GET /api/frameworks/iso27001-soa/controls
[app] GET /api/frameworks/iso27001/objectives
[app] GET /api/assessment
[app] GET /api/csf
[policyRegisterRoutes] GET / - after permission, calling list
[policyRegisterController.list] Handler called
[policyRegisterController.list] Returning 2 policies
[app] GET /api/frameworks/csf/targets
[app] GET /api/risk-acceptance
[app] GET /api/risk-management
[app] GET /api/risk-management/indicators
[app] GET /api/risk-management/dropdowns
[app] GET /api/auth/me
[app] GET /favicon.ico
[app] GET /api/auth/me
[app] GET /api/privacy
[app] GET /api/privacy/assessment
[app] GET /api/frameworks/privacy/targets
[app] GET /api/files/access/ISO%2027001/Policy/cba87cde-8968-4500-9170-549c1f772d45/Lukmanul_Hakim_CV_ATS.pdf
[app] GET /api/files/access/ISO%2027001/Policy/324f26af-7aea-4574-a6f3-154689b84fa0/Tanpa%20judul.jpeg
[app] GET /api/auth/me
[app] GET /api/files/access/upload/COMMUNICATE-P/Policy/1788341401042-69997f978423ab9f-relevansi%20kebijakan%20_1_.xlsx
[app] GET /api/privacy
[app] GET /api/privacy/assessment
[app] GET /api/frameworks/privacy/targets
[app] GET /api/files/access/upload/Govern/Policy/60fabe4a-354f-4c9b-90bf-9ee7af978ab9/Cybersecurity-Risk-Acceptance-Form-3%20_8_.pdf
[app] GET /api/frameworks/iso27001/controls
[app] GET /api/frameworks/iso27001/objectives
[app] GET /api/frameworks/iso27001-soa/controls
[app] GET /api/frameworks/iso27001-soa/controls
[app] GET /app
[app] GET /styles.css
[app] GET /modern.css
[app] GET /legacy-after-tailwind.css
[app] GET /legacy-before-tailwind.css
[app] GET /vue/assets/index-BTrHBBtl.css
[app] GET /vue/assets/index-CD7VXiRF.js
[app] GET /api/auth/me
[app] GET /api/auth/me
[app] GET /api/policy-register
[policyRegisterRoutes] GET /
[policyRegisterRoutes] GET / - before permission check
[app] GET /api/frameworks/iso27001/controls
[app] GET /api/frameworks/iso27001/objectives
[app] GET /api/frameworks/iso27001-soa/controls
[app] GET /api/assessment
[policyRegisterRoutes] GET / - after permission, calling list
[policyRegisterController.list] Handler called
[policyRegisterController.list] Returning 2 policies
[app] GET /api/csf
[app] GET /api/frameworks/csf/targets
[app] GET /api/risk-acceptance
[app] GET /api/risk-management
[app] GET /api/risk-management/indicators
[app] GET /api/risk-management/dropdowns
[app] GET /api/auth/me
[app] GET /api/auth/me
[app] GET /api/privacy
[app] GET /api/privacy/assessment
[app] GET /api/frameworks/privacy/targets
[app] GET /api/files/access/ISO%2027001/Policy/cba87cde-8968-4500-9170-549c1f772d45/Lukmanul_Hakim_CV_ATS.pdf
[app] GET /api/files/access/ISO%2027001/Policy/324f26af-7aea-4574-a6f3-154689b84fa0/Tanpa%20judul.jpeg
[app] GET /api/privacy/assessment
[app] GET /api/privacy
[app] GET /favicon.ico
[app] GET /api/frameworks/privacy/targets
[app] GET /api/files/access/upload/Govern/Policy/60fabe4a-354f-4c9b-90bf-9ee7af978ab9/Cybersecurity-Risk-Acceptance-Form-3%20_8_.pdf
[app] GET /api/files/access/upload/COMMUNICATE-P/Policy/1788341401042-69997f978423ab9f-relevansi%20kebijakan%20_1_.xlsx
[app] GET /api/frameworks/iso27001/controls
[app] GET /api/frameworks/iso27001-soa/controls
[app] GET /api/frameworks/iso27001/objectives
[app] GET /api/frameworks/iso27001-soa/controls
[app] GET /api/frameworks/iso27001/objectives
[app] GET /api/frameworks/iso27001/objectives
[app] GET /api/frameworks/iso27001/objectives
[app] GET /
[app] GET /favicon.ico
[app] GET /login
[app] GET /app
[app] GET /styles.css
[app] GET /modern.css
[app] GET /legacy-before-tailwind.css
[app] GET /legacy-after-tailwind.css
[app] GET /vue/assets/index-BTrHBBtl.css
[app] GET /tailwind.css
[app] GET /vue/assets/index-CD7VXiRF.js
[app] GET /api/auth/me
[app] GET /api/policy-register
[policyRegisterRoutes] GET /
[policyRegisterRoutes] GET / - before permission check
[app] GET /api/frameworks/iso27001/controls
[app] GET /api/frameworks/iso27001-soa/controls
[app] GET /api/frameworks/iso27001/objectives
[app] GET /api/assessment
[app] GET /api/csf
[policyRegisterRoutes] GET / - after permission, calling list
[policyRegisterController.list] Handler called
[policyRegisterController.list] Returning 2 policies
[app] GET /api/frameworks/csf/targets
[app] GET /api/risk-acceptance
[app] GET /api/risk-management
[app] GET /api/risk-management/indicators
[app] GET /api/risk-management/dropdowns
[app] GET /api/auth/me
[app] GET /favicon.ico
[app] GET /api/auth/me
[app] GET /api/privacy
[app] GET /api/privacy/assessment
[app] GET /api/frameworks/privacy/targets
[app] GET /api/files/access/ISO%2027001/Policy/cba87cde-8968-4500-9170-549c1f772d45/Lukmanul_Hakim_CV_ATS.pdf
[app] GET /api/files/access/ISO%2027001/Policy/324f26af-7aea-4574-a6f3-154689b84fa0/Tanpa%20judul.jpeg
[app] GET /api/auth/me
[app] GET /api/files/access/upload/COMMUNICATE-P/Policy/1788341401042-69997f978423ab9f-relevansi%20kebijakan%20_1_.xlsx
[app] GET /api/privacy/assessment
[app] GET /api/privacy
[app] GET /api/frameworks/privacy/targets
[app] GET /api/files/access/upload/Govern/Policy/60fabe4a-354f-4c9b-90bf-9ee7af978ab9/Cybersecurity-Risk-Acceptance-Form-3%20_8_.pdf
[app] GET /api/frameworks/iso27001/controls
[app] GET /api/frameworks/iso27001-soa/controls
[app] GET /api/frameworks/iso27001/objectives
[app] GET /api/frameworks/iso27001-soa/controls
[app] GET /api/files/ISO%2027001/Policy/cba87cde-8968-4500-9170-549c1f772d45/Lukmanul_Hakim_CV_ATS.pdf
[app] GET /favicon.ico
