[app] Mounting /api routes with requireAuth
[app] POST /api/files/batch
[app] GET /app
[app] GET /login
[app] GET /tailwind.css
[app] GET /api/auth/me
[app] GET /api/auth/me
[app] GET /favicon.ico
[app] GET /login
[app] POST /api/auth/login
[app] GET /app
[app] GET /styles.css
[app] GET /modern.css
[app] GET /legacy-before-tailwind.css
[app] GET /legacy-after-tailwind.css
[app] GET /vue/assets/index-BTrHBBtl.css
[app] GET /tailwind.css
[app] GET /vue/assets/index-4Z5dSSPW.js
[app] GET /api/auth/me
[app] GET /api/auth/me
[app] GET /api/policy-register
[app] GET /api/frameworks/iso27001/controls
[app] GET /api/frameworks/iso27001-soa/controls
[app] GET /api/frameworks/iso27001/objectives
[app] GET /api/assessment
[app] GET /api/csf
[app] GET /api/frameworks/csf/targets
[app] GET /api/risk-acceptance
[app] GET /api/risk-management
[app] GET /api/risk-management/indicators
[app] GET /api/risk-management/dropdowns
[app] GET /api/auth/me
[app] GET /api/auth/me
[app] GET /api/privacy
[app] GET /api/privacy/assessment
[app] GET /api/frameworks/privacy/targets
[app] GET /api/files?details=true
[app] GET /favicon.ico
[app] GET /api/privacy
[app] GET /api/privacy/assessment
[app] GET /api/frameworks/privacy/targets
[app] GET /api/frameworks/iso27001/controls
[app] GET /api/frameworks/iso27001-soa/controls
[app] GET /api/frameworks/iso27001/objectives
[app] GET /api/frameworks/iso27001-soa/controls
[app] POST /api/files/batch
[a3c76a54-0492-4d42-8544-62ab03b90af8] [Error: EBUSY: resource busy or locked, unlink 'C:\Users\25992005\Documents\Rahasia Negara\NIST Basis\upload\ISO 27001\Policy\1790343947370-cd264542f6f9e8e7237990b5-Tanpa judul.jpeg'] {
  errno: -4082,
  code: 'EBUSY',
  syscall: 'unlink',
  path: 'C:\\Users\\25992005\\Documents\\Rahasia Negara\\NIST Basis\\upload\\ISO 27001\\Policy\\1790343947370-cd264542f6f9e8e7237990b5-Tanpa judul.jpeg'
}
[app] POST /api/files/batch
[4307c5ff-67ee-4989-9474-cd678cab8fbe] Error: File name already exists: Tanpa judul.jpeg
    at Object.saveFiles (C:\Users\25992005\Documents\Rahasia Negara\NIST Basis\src\services\fileService.js:110:681)
    at async createBatch (C:\Users\25992005\Documents\Rahasia Negara\NIST Basis\src\controllers\fileController.js:78:16) {
  status: 409
}
[app] GET /app
[app] GET /modern.css
[app] GET /styles.css
[app] GET /legacy-before-tailwind.css
[app] GET /legacy-after-tailwind.css
[app] GET /vue/assets/index-BTrHBBtl.css
[app] GET /tailwind.css
[app] GET /vue/assets/index-4Z5dSSPW.js
[app] GET /api/auth/me
[app] GET /api/auth/me
[app] GET /api/policy-register
[app] GET /api/frameworks/iso27001/controls
[app] GET /api/frameworks/iso27001-soa/controls
[app] GET /api/frameworks/iso27001/objectives
[app] GET /api/assessment
[app] GET /api/csf
[app] GET /api/frameworks/csf/targets
[app] GET /api/risk-acceptance
[app] GET /api/risk-management
[app] GET /api/risk-management/indicators
[app] GET /api/risk-management/dropdowns
[app] GET /api/auth/me
[app] GET /api/auth/me
[app] GET /api/privacy
[app] GET /api/privacy/assessment
[app] GET /api/frameworks/privacy/targets
[app] GET /api/files?details=true
[app] GET /favicon.ico
[app] GET /api/privacy
[app] GET /api/privacy/assessment
[app] GET /api/frameworks/privacy/targets
[app] GET /api/frameworks/iso27001/controls
[app] GET /api/frameworks/iso27001-soa/controls
[app] GET /api/frameworks/iso27001/objectives
[app] GET /api/frameworks/iso27001-soa/controls
[app] GET /api/files?details=true
[app] PUT /api/frameworks/iso27001/controls/4.1/evidence
[app] GET /api/files/ISO%2027001/Policy/324f26af-7aea-4574-a6f3-154689b84fa0/Tanpa%20judul.jpeg
[app] GET /favicon.ico
[app] GET /api/files/ISO%2027001/Policy/324f26af-7aea-4574-a6f3-154689b84fa0/Tanpa%20judul.jpeg
[app] GET /favicon.ico
[app] GET /favicon.ico
[app] GET /app
[app] GET /modern.css
[app] GET /styles.css
[app] GET /legacy-before-tailwind.css
[app] GET /legacy-after-tailwind.css
[app] GET /vue/assets/index-BTrHBBtl.css
[app] GET /vue/assets/index-4Z5dSSPW.js
[app] GET /api/auth/me
[app] GET /api/auth/me
[app] GET /api/policy-register
[app] GET /api/frameworks/iso27001/controls
[app] GET /api/frameworks/iso27001-soa/controls
[app] GET /api/frameworks/iso27001/objectives
[app] GET /api/assessment
[app] GET /api/csf
[app] GET /api/frameworks/csf/targets
[app] GET /api/risk-acceptance
[app] GET /api/risk-management
[app] GET /api/risk-management/indicators
[app] GET /api/risk-management/dropdowns
[app] GET /api/auth/me
[app] GET /api/auth/me
[app] GET /api/privacy
[app] GET /api/privacy/assessment
[app] GET /api/frameworks/privacy/targets
[app] GET /api/files?details=true
[app] GET /favicon.ico
[app] GET /api/privacy
[app] GET /api/privacy/assessment
[app] GET /api/frameworks/privacy/targets
[app] GET /api/frameworks/iso27001/controls
[app] GET /api/frameworks/iso27001/objectives
[app] GET /api/frameworks/iso27001-soa/controls
[app] GET /api/frameworks/iso27001-soa/controls
[app] GET /api/frameworks/iso27001-soa/controls
[app] GET /api/files/policy-register/1788698794433-015aefdecd6c9c34-Script_Presentasi_BRINSIGHT_5_Menit.pdf
[bc14b9db-e6c2-4838-972c-c6767f9b4798] Error: Evidence tidak tersedia atau bukan file yang Anda upload.
    at invalid (C:\Users\25992005\Documents\Rahasia Negara\NIST Basis\src\services\evidenceAccessService.js:3:58)
    at Object.assertAccess (C:\Users\25992005\Documents\Rahasia Negara\NIST Basis\src\services\evidenceAccessService.js:23:110)
    at process.processTicksAndRejections (node:internal/process/task_queues:104:5)
    at async download (C:\Users\25992005\Documents\Rahasia Negara\NIST Basis\src\controllers\fileController.js:90:2) {
  status: 403
}
[app] GET /favicon.ico
[app] GET /api/files/policy-register/1788698794433-015aefdecd6c9c34-Script_Presentasi_BRINSIGHT_5_Menit.pdf
[5ffd2a4a-cbea-4b74-923b-dceefb5f29d2] Error: Evidence tidak tersedia atau bukan file yang Anda upload.
    at invalid (C:\Users\25992005\Documents\Rahasia Negara\NIST Basis\src\services\evidenceAccessService.js:3:58)
    at Object.assertAccess (C:\Users\25992005\Documents\Rahasia Negara\NIST Basis\src\services\evidenceAccessService.js:23:110)
    at process.processTicksAndRejections (node:internal/process/task_queues:104:5)
    at async download (C:\Users\25992005\Documents\Rahasia Negara\NIST Basis\src\controllers\fileController.js:90:2) {
  status: 403
}
[app] GET /favicon.ico
