[policyRegisterController] Module loaded
[policyRegisterRoutes] Loading routes
[policyRegisterRoutes] Routes configured successfully
Database exists: nist_basis
Tables ready: app_users, assessment_state, evidence_files
Personnel Certification and roadmap catalog seed ready.
NIST CSF Express server: http://localhost:8000
[app] GET /login
[app] GET /app
[app] GET /login
[app] GET /tailwind.css
[app] GET /api/auth/me
[app] GET /api/auth/me
[app] GET /favicon.ico
[app] GET /login
[app] POST /api/auth/login
[app] GET /app
[app] GET /styles.css
[app] GET /modern.css
[app] GET /legacy-before-tailwind.css
[app] GET /legacy-after-tailwind.css
[app] GET /tailwind.css
[app] GET /vue/assets/index-y5QUXzSB.js
[app] GET /vue/assets/index-CCGk9V63.css
[app] GET /api/auth/me
[app] GET /api/auth/me
[app] GET /api/auth/me
[app] GET /api/policy-register
[policyRegisterRoutes] GET /
[policyRegisterRoutes] GET / - before permission check
[policyRegisterRoutes] GET / - after permission, calling list
[policyRegisterController.list] Handler called
[app] GET /api/frameworks/iso27001/controls
[app] GET /api/frameworks/iso27001-soa/controls
[app] GET /api/frameworks/iso27001/objectives
[app] GET /api/assessment
[app] GET /api/csf
[policyRegisterController.list] Returning 2 policies
[app] GET /api/auth/me
[app] GET /api/frameworks/csf/targets
[app] GET /api/risk-acceptance
[app] GET /api/risk-management
[app] GET /api/risk-management/indicators
[app] GET /api/risk-management/dropdowns
[app] GET /api/threat-modelling
[app] GET /api/privacy
[app] GET /api/privacy/assessment
[app] GET /api/frameworks/privacy/targets
[app] GET /api/files?details=true
[app] GET /api/auth/me
[app] GET /api/files/access/ISO%2027001/Policy/cba87cde-8968-4500-9170-549c1f772d45/Lukmanul_Hakim_CV_ATS.pdf
[app] GET /api/files/access/ISO%2027001/Policy/324f26af-7aea-4574-a6f3-154689b84fa0/Tanpa%20judul.jpeg
[app] GET /api/files/access/ISO%2027001/Policy/e026bb26-d429-454e-a637-325cd6b9aac4/Lukmanul_Hakim_CV_ATS%20_2_.pdf
[app] GET /api/files/access/ISO%2027001/Policy/4451a19b-0c75-4ccb-a3e2-e7cb6bffba46/Script_Presentasi_BRINSIGHT_5_Menit.pdf
[app] GET /api/privacy
[app] GET /api/privacy/assessment
[app] GET /api/frameworks/privacy/targets
[app] GET /favicon.ico
[app] GET /api/files/access/upload/COMMUNICATE-P/Policy/1788341401042-69997f978423ab9f-relevansi%20kebijakan%20_1_.xlsx
[app] GET /api/files/access/upload/COMMUNICATE-P/Policy/d6fa2c26-e92c-418f-94d7-d3aaf6bfd0f1/Lukmanul_Hakim_CV_ATS%20_2_.pdf
[app] GET /api/files/access/upload/Govern/Policy/60fabe4a-354f-4c9b-90bf-9ee7af978ab9/Cybersecurity-Risk-Acceptance-Form-3%20_8_.pdf
[app] GET /api/risk-management/indicators
[app] GET /api/risk-management
[app] GET /api/risk-management/dropdowns
[app] POST /api/risk-management/dropdowns
[app] GET /api/risk-management
[app] GET /api/risk-management/indicators
[app] GET /api/risk-management/dropdowns
[app] PUT /api/risk-management/dropdowns/2
[app] GET /api/risk-management
[app] GET /api/risk-management/indicators
[app] GET /api/risk-management/dropdowns
[app] GET /app
[app] GET /styles.css
[app] GET /modern.css
[app] GET /legacy-before-tailwind.css
[app] GET /legacy-after-tailwind.css
[app] GET /vue/assets/index-CCGk9V63.css
[app] GET /tailwind.css
[app] GET /vue/assets/index-y5QUXzSB.js
[app] GET /api/auth/me
[app] GET /api/auth/me
[app] GET /api/policy-register
[policyRegisterRoutes] GET /
[policyRegisterRoutes] GET / - before permission check
[policyRegisterRoutes] GET / - after permission, calling list
[policyRegisterController.list] Handler called
[app] GET /api/frameworks/iso27001-soa/controls
[app] GET /api/frameworks/iso27001/controls
[app] GET /api/frameworks/iso27001/objectives
[app] GET /api/assessment
[app] GET /api/csf
[policyRegisterController.list] Returning 2 policies
[app] GET /api/frameworks/csf/targets
[app] GET /api/risk-acceptance
[app] GET /api/risk-management
[app] GET /api/risk-management/indicators
[app] GET /api/risk-management
[app] GET /api/risk-management/dropdowns
[app] GET /api/risk-management/indicators
[app] GET /api/risk-management/dropdowns
[app] GET /api/auth/me
[app] GET /favicon.ico
[app] GET /api/threat-modelling
[app] GET /api/auth/me
[app] GET /api/privacy
[app] GET /api/privacy/assessment
[app] GET /api/frameworks/privacy/targets
[app] GET /api/auth/me
[app] GET /api/files?details=true
[app] GET /api/privacy
[app] GET /api/privacy/assessment
[app] GET /api/frameworks/privacy/targets
[app] GET /api/files/access/ISO%2027001/Policy/cba87cde-8968-4500-9170-549c1f772d45/Lukmanul_Hakim_CV_ATS.pdf
[app] GET /api/files/access/ISO%2027001/Policy/324f26af-7aea-4574-a6f3-154689b84fa0/Tanpa%20judul.jpeg
[app] GET /api/files/access/ISO%2027001/Policy/e026bb26-d429-454e-a637-325cd6b9aac4/Lukmanul_Hakim_CV_ATS%20_2_.pdf
[app] GET /api/files/access/ISO%2027001/Policy/4451a19b-0c75-4ccb-a3e2-e7cb6bffba46/Script_Presentasi_BRINSIGHT_5_Menit.pdf
[app] GET /api/files/access/upload/COMMUNICATE-P/Policy/1788341401042-69997f978423ab9f-relevansi%20kebijakan%20_1_.xlsx
[app] GET /api/files/access/upload/COMMUNICATE-P/Policy/d6fa2c26-e92c-418f-94d7-d3aaf6bfd0f1/Lukmanul_Hakim_CV_ATS%20_2_.pdf
[app] GET /api/files/access/upload/Govern/Policy/60fabe4a-354f-4c9b-90bf-9ee7af978ab9/Cybersecurity-Risk-Acceptance-Form-3%20_8_.pdf
[app] POST /api/auth/logout
[app] GET /login
[app] GET /tailwind.css
[app] GET /api/auth/me
[app] GET /api/auth/me
[app] GET /favicon.ico
[app] GET /login
[app] GET /
[app] GET /favicon.ico
[app] GET /login
[app] GET /login
[app] GET /tailwind.css
[app] GET /api/auth/me
[app] GET /api/auth/me
[app] GET /favicon.ico
[app] GET /login
[app] GET /favicon.ico
[app] GET /login
[app] GET /
[app] GET /favicon.ico
[app] GET /login
[app] GET /login
[app] GET /tailwind.css
[app] GET /api/auth/me
[app] GET /favicon.ico
[app] GET /login
[app] POST /api/auth/login
[app] GET /app
[app] GET /styles.css
[app] GET /modern.css
[app] GET /legacy-before-tailwind.css
[app] GET /legacy-after-tailwind.css
[app] GET /vue/assets/index-CCGk9V63.css
[app] GET /tailwind.css
[app] GET /vue/assets/index-y5QUXzSB.js
[app] GET /api/auth/me
[app] GET /api/auth/me
[app] GET /api/auth/me
[app] GET /api/policy-register
[policyRegisterRoutes] GET /
[policyRegisterRoutes] GET / - before permission check
[policyRegisterRoutes] GET / - after permission, calling list
[policyRegisterController.list] Handler called
[app] GET /api/auth/me
[app] GET /api/frameworks/iso27001/controls
[app] GET /api/frameworks/iso27001-soa/controls
[app] GET /api/frameworks/iso27001/objectives
[app] GET /api/assessment
[policyRegisterController.list] Returning 2 policies
[app] GET /api/csf
[app] GET /api/frameworks/csf/targets
[app] GET /api/risk-acceptance
[app] GET /api/risk-management
[app] GET /api/risk-management/indicators
[app] GET /api/risk-management/dropdowns
[app] GET /api/threat-modelling
[app] GET /api/privacy
[app] GET /api/privacy/assessment
[app] GET /api/frameworks/privacy/targets
[app] GET /api/files?details=true
[app] GET /api/auth/me
[app] GET /favicon.ico
[app] GET /api/privacy
[app] GET /api/privacy/assessment
[app] GET /api/frameworks/privacy/targets
[app] GET /api/files/access/ISO%2027001/Policy/cba87cde-8968-4500-9170-549c1f772d45/Lukmanul_Hakim_CV_ATS.pdf
[app] GET /api/files/access/ISO%2027001/Policy/324f26af-7aea-4574-a6f3-154689b84fa0/Tanpa%20judul.jpeg
[app] GET /api/files/access/ISO%2027001/Policy/e026bb26-d429-454e-a637-325cd6b9aac4/Lukmanul_Hakim_CV_ATS%20_2_.pdf
[app] GET /api/files/access/ISO%2027001/Policy/4451a19b-0c75-4ccb-a3e2-e7cb6bffba46/Script_Presentasi_BRINSIGHT_5_Menit.pdf
[app] GET /api/files/access/upload/COMMUNICATE-P/Policy/d6fa2c26-e92c-418f-94d7-d3aaf6bfd0f1/Lukmanul_Hakim_CV_ATS%20_2_.pdf
[app] GET /api/files/access/upload/COMMUNICATE-P/Policy/1788341401042-69997f978423ab9f-relevansi%20kebijakan%20_1_.xlsx
[app] GET /api/files/access/upload/Govern/Policy/60fabe4a-354f-4c9b-90bf-9ee7af978ab9/Cybersecurity-Risk-Acceptance-Form-3%20_8_.pdf
[app] GET /api/backups
[app] GET /
[app] GET /favicon.ico
[app] GET /login
[app] GET /app
[app] GET /styles.css
[app] GET /modern.css
[app] GET /legacy-before-tailwind.css
[app] GET /tailwind.css
[app] GET /legacy-after-tailwind.css
[app] GET /vue/assets/index-CCGk9V63.css
[app] GET /vue/assets/index-y5QUXzSB.js
[app] GET /api/auth/me
[app] GET /api/auth/me
[app] GET /api/auth/me
[app] GET /api/policy-register
[policyRegisterRoutes] GET /
[policyRegisterRoutes] GET / - before permission check
[policyRegisterRoutes] GET / - after permission, calling list
[policyRegisterController.list] Handler called
[app] GET /api/frameworks/iso27001/controls
[app] GET /api/frameworks/iso27001-soa/controls
[app] GET /api/frameworks/iso27001/objectives
[app] GET /api/auth/me
[app] GET /api/assessment
[policyRegisterController.list] Returning 2 policies
[app] GET /api/csf
[app] GET /api/frameworks/csf/targets
[app] GET /api/risk-acceptance
[app] GET /api/risk-management
[app] GET /api/risk-management/indicators
[app] GET /api/risk-management/dropdowns
[app] GET /api/backups
[app] GET /api/threat-modelling
[app] GET /api/privacy
[app] GET /api/privacy/assessment
[app] GET /api/frameworks/privacy/targets
[app] GET /api/files?details=true
[app] GET /api/auth/me
[app] GET /api/privacy
[app] GET /api/privacy/assessment
[app] GET /api/frameworks/privacy/targets
[app] GET /api/files/access/ISO%2027001/Policy/cba87cde-8968-4500-9170-549c1f772d45/Lukmanul_Hakim_CV_ATS.pdf
[app] GET /api/files/access/ISO%2027001/Policy/324f26af-7aea-4574-a6f3-154689b84fa0/Tanpa%20judul.jpeg
[app] GET /api/files/access/ISO%2027001/Policy/4451a19b-0c75-4ccb-a3e2-e7cb6bffba46/Script_Presentasi_BRINSIGHT_5_Menit.pdf
[app] GET /api/files/access/ISO%2027001/Policy/e026bb26-d429-454e-a637-325cd6b9aac4/Lukmanul_Hakim_CV_ATS%20_2_.pdf
[app] GET /favicon.ico
[app] GET /api/files/access/upload/Govern/Policy/60fabe4a-354f-4c9b-90bf-9ee7af978ab9/Cybersecurity-Risk-Acceptance-Form-3%20_8_.pdf
[app] GET /api/files/access/upload/COMMUNICATE-P/Policy/1788341401042-69997f978423ab9f-relevansi%20kebijakan%20_1_.xlsx
[app] GET /api/files/access/upload/COMMUNICATE-P/Policy/d6fa2c26-e92c-418f-94d7-d3aaf6bfd0f1/Lukmanul_Hakim_CV_ATS%20_2_.pdf
[app] GET /api/files?details=true
[app] GET /api/backups
[app] GET /app
[app] GET /styles.css
[app] GET /modern.css
[app] GET /legacy-before-tailwind.css
[app] GET /legacy-after-tailwind.css
[app] GET /tailwind.css
[app] GET /vue/assets/index-CCGk9V63.css
[app] GET /vue/assets/index-b1PABqtj.js
[app] GET /api/auth/me
[app] GET /api/auth/me
[app] GET /api/policy-register
[policyRegisterRoutes] GET /
[policyRegisterRoutes] GET / - before permission check
[policyRegisterRoutes] GET / - after permission, calling list
[policyRegisterController.list] Handler called
[app] GET /api/frameworks/iso27001/controls
[app] GET /api/frameworks/iso27001/objectives
[app] GET /api/frameworks/iso27001-soa/controls
[app] GET /api/assessment
[app] GET /api/csf
[app] GET /api/frameworks/csf/targets
[app] GET /api/risk-acceptance
[app] GET /api/risk-management
[app] GET /api/risk-management/indicators
[app] GET /api/risk-management/dropdowns
[app] GET /api/backups
[app] GET /api/auth/me
[app] GET /favicon.ico
[policyRegisterController.list] Returning 2 policies
[app] GET /api/threat-modelling
[app] GET /api/files/access/upload/Govern/Policy/60fabe4a-354f-4c9b-90bf-9ee7af978ab9/Cybersecurity-Risk-Acceptance-Form-3%20_8_.pdf
[app] GET /api/auth/me
[app] GET /api/privacy
[app] GET /api/privacy/assessment
[app] GET /api/frameworks/privacy/targets
[app] GET /api/auth/me
[app] GET /api/files?details=true
[app] GET /api/files/access/ISO%2027001/Policy/324f26af-7aea-4574-a6f3-154689b84fa0/Tanpa%20judul.jpeg
[app] GET /api/files/access/ISO%2027001/Policy/cba87cde-8968-4500-9170-549c1f772d45/Lukmanul_Hakim_CV_ATS.pdf
[app] GET /api/files/access/ISO%2027001/Policy/e026bb26-d429-454e-a637-325cd6b9aac4/Lukmanul_Hakim_CV_ATS%20_2_.pdf
[app] GET /api/files/access/ISO%2027001/Policy/4451a19b-0c75-4ccb-a3e2-e7cb6bffba46/Script_Presentasi_BRINSIGHT_5_Menit.pdf
[app] GET /api/privacy
[app] GET /api/privacy/assessment
[app] GET /api/frameworks/privacy/targets
[app] GET /api/files/access/upload/COMMUNICATE-P/Policy/1788341401042-69997f978423ab9f-relevansi%20kebijakan%20_1_.xlsx
[app] GET /api/files/access/upload/COMMUNICATE-P/Policy/d6fa2c26-e92c-418f-94d7-d3aaf6bfd0f1/Lukmanul_Hakim_CV_ATS%20_2_.pdf
[app] GET /api/file-backups
[app] GET /api/backups
[app] GET /api/file-backups
[app] GET /app
[app] GET /styles.css
[app] GET /modern.css
[app] GET /legacy-before-tailwind.css
[app] GET /legacy-after-tailwind.css
[app] GET /tailwind.css
[app] GET /vue/assets/index-CCGk9V63.css
[app] GET /vue/assets/index-b1PABqtj.js
[app] GET /api/auth/me
[app] GET /api/auth/me
[app] GET /api/policy-register
[policyRegisterRoutes] GET /
[policyRegisterRoutes] GET / - before permission check
[policyRegisterRoutes] GET / - after permission, calling list
[policyRegisterController.list] Handler called
[app] GET /api/frameworks/iso27001/controls
[app] GET /api/frameworks/iso27001-soa/controls
[app] GET /api/frameworks/iso27001/objectives
[app] GET /api/assessment
[app] GET /api/csf
[app] GET /api/frameworks/csf/targets
[app] GET /api/risk-acceptance
[app] GET /api/risk-management
[app] GET /api/risk-management/indicators
[app] GET /api/risk-management/dropdowns
[app] GET /api/file-backups
[app] GET /api/auth/me
[policyRegisterController.list] Returning 2 policies
[app] GET /favicon.ico
[app] GET /api/threat-modelling
[app] GET /api/auth/me
[app] GET /api/files/access/upload/Govern/Policy/60fabe4a-354f-4c9b-90bf-9ee7af978ab9/Cybersecurity-Risk-Acceptance-Form-3%20_8_.pdf
[app] GET /api/privacy
[app] GET /api/privacy/assessment
[app] GET /api/frameworks/privacy/targets
[app] GET /api/auth/me
[app] GET /api/files?details=true
[app] GET /api/files/access/upload/COMMUNICATE-P/Policy/1788341401042-69997f978423ab9f-relevansi%20kebijakan%20_1_.xlsx
[app] GET /api/files/access/upload/COMMUNICATE-P/Policy/d6fa2c26-e92c-418f-94d7-d3aaf6bfd0f1/Lukmanul_Hakim_CV_ATS%20_2_.pdf
[app] GET /api/privacy
[app] GET /api/frameworks/privacy/targets
[app] GET /api/privacy/assessment
[app] GET /api/files/access/ISO%2027001/Policy/cba87cde-8968-4500-9170-549c1f772d45/Lukmanul_Hakim_CV_ATS.pdf
[app] GET /api/files/access/ISO%2027001/Policy/324f26af-7aea-4574-a6f3-154689b84fa0/Tanpa%20judul.jpeg
[app] GET /api/files/access/ISO%2027001/Policy/e026bb26-d429-454e-a637-325cd6b9aac4/Lukmanul_Hakim_CV_ATS%20_2_.pdf
[app] GET /api/files/access/ISO%2027001/Policy/4451a19b-0c75-4ccb-a3e2-e7cb6bffba46/Script_Presentasi_BRINSIGHT_5_Menit.pdf
[app] GET /api/backups
[app] GET /api/backups
[app] GET /api/file-backups
[app] GET /app
[app] GET /login
[app] GET /tailwind.css
[app] GET /api/auth/me
[app] GET /favicon.ico
[app] GET /login
[app] POST /api/auth/login
[app] GET /app
[app] GET /styles.css
[app] GET /modern.css
[app] GET /legacy-before-tailwind.css
[app] GET /tailwind.css
[app] GET /vue/assets/index-CCGk9V63.css
[app] GET /legacy-after-tailwind.css
[app] GET /vue/assets/index-CDo0jOct.js
[app] GET /api/auth/me
[app] GET /api/auth/me
[app] GET /api/auth/me
[app] GET /api/policy-register
[policyRegisterRoutes] GET /
[policyRegisterRoutes] GET / - before permission check
[policyRegisterRoutes] GET / - after permission, calling list
[policyRegisterController.list] Handler called
[app] GET /api/auth/me
[app] GET /api/frameworks/iso27001/controls
[app] GET /api/frameworks/iso27001/objectives
[app] GET /api/frameworks/iso27001-soa/controls
[app] GET /api/assessment
[app] GET /api/csf
[app] GET /api/frameworks/csf/targets
[app] GET /api/risk-acceptance
[app] GET /api/risk-management
[app] GET /api/risk-management/indicators
[app] GET /api/risk-management/dropdowns
[app] GET /api/threat-modelling
[app] GET /api/privacy
[app] GET /api/privacy/assessment
[app] GET /api/frameworks/privacy/targets
[app] GET /api/files?details=true
[app] GET /api/auth/me
[app] GET /favicon.ico
[app] GET /api/privacy
[app] GET /api/privacy/assessment
[app] GET /api/frameworks/privacy/targets
[app] GET /api/files/access/ISO%2027001/Policy/cba87cde-8968-4500-9170-549c1f772d45/Lukmanul_Hakim_CV_ATS.pdf
[app] GET /api/files/access/ISO%2027001/Policy/324f26af-7aea-4574-a6f3-154689b84fa0/Tanpa%20judul.jpeg
[app] GET /api/files/access/ISO%2027001/Policy/e026bb26-d429-454e-a637-325cd6b9aac4/Lukmanul_Hakim_CV_ATS%20_2_.pdf
[app] GET /api/files/access/ISO%2027001/Policy/4451a19b-0c75-4ccb-a3e2-e7cb6bffba46/Script_Presentasi_BRINSIGHT_5_Menit.pdf
[app] GET /api/files/access/upload/COMMUNICATE-P/Policy/1788341401042-69997f978423ab9f-relevansi%20kebijakan%20_1_.xlsx
[app] GET /api/files/access/upload/COMMUNICATE-P/Policy/d6fa2c26-e92c-418f-94d7-d3aaf6bfd0f1/Lukmanul_Hakim_CV_ATS%20_2_.pdf
[app] GET /api/files/access/upload/Govern/Policy/60fabe4a-354f-4c9b-90bf-9ee7af978ab9/Cybersecurity-Risk-Acceptance-Form-3%20_8_.pdf
[policyRegisterController.list] Returning 2 policies
[app] GET /api/file-backups
[app] GET /login
[app] GET /tailwind.css
[app] GET /api/auth/me
[app] GET /favicon.ico
[app] GET /login
[app] POST /api/auth/login
[app] GET /app
[app] GET /styles.css
[app] GET /modern.css
[app] GET /legacy-before-tailwind.css
[app] GET /tailwind.css
[app] GET /legacy-after-tailwind.css
[app] GET /vue/assets/index-CCGk9V63.css
[app] GET /vue/assets/index-CDo0jOct.js
[app] GET /api/auth/me
[app] GET /api/auth/me
[app] GET /api/auth/me
[app] GET /api/policy-register
[policyRegisterRoutes] GET /
[policyRegisterRoutes] GET / - before permission check
[policyRegisterRoutes] GET / - after permission, calling list
[policyRegisterController.list] Handler called
[app] GET /api/auth/me
[app] GET /api/frameworks/iso27001/controls
[app] GET /api/frameworks/iso27001-soa/controls
[app] GET /api/frameworks/iso27001/objectives
[app] GET /api/assessment
[policyRegisterController.list] Returning 2 policies
[app] GET /api/csf
[app] GET /api/frameworks/csf/targets
[app] GET /api/risk-acceptance
[app] GET /api/risk-management
[app] GET /api/risk-management/indicators
[app] GET /api/risk-management/dropdowns
[app] GET /api/auth/me
[app] GET /api/threat-modelling
[app] GET /api/privacy
[app] GET /api/privacy/assessment
[app] GET /api/frameworks/privacy/targets
[app] GET /api/files?details=true
[app] GET /api/privacy
[app] GET /api/privacy/assessment
[app] GET /api/frameworks/privacy/targets
[app] GET /favicon.ico
[app] GET /api/files/access/ISO%2027001/Policy/cba87cde-8968-4500-9170-549c1f772d45/Lukmanul_Hakim_CV_ATS.pdf
[app] GET /api/files/access/ISO%2027001/Policy/324f26af-7aea-4574-a6f3-154689b84fa0/Tanpa%20judul.jpeg
[app] GET /api/files/access/ISO%2027001/Policy/e026bb26-d429-454e-a637-325cd6b9aac4/Lukmanul_Hakim_CV_ATS%20_2_.pdf
[app] GET /api/files/access/ISO%2027001/Policy/4451a19b-0c75-4ccb-a3e2-e7cb6bffba46/Script_Presentasi_BRINSIGHT_5_Menit.pdf
[app] GET /api/files/access/upload/COMMUNICATE-P/Policy/1788341401042-69997f978423ab9f-relevansi%20kebijakan%20_1_.xlsx
[app] GET /api/files/access/upload/COMMUNICATE-P/Policy/d6fa2c26-e92c-418f-94d7-d3aaf6bfd0f1/Lukmanul_Hakim_CV_ATS%20_2_.pdf
[app] GET /api/files/access/upload/Govern/Policy/60fabe4a-354f-4c9b-90bf-9ee7af978ab9/Cybersecurity-Risk-Acceptance-Form-3%20_8_.pdf
[app] GET /api/audit-finding-tracker
[app] GET /app
[app] GET /api/frameworks/iso27001/controls
[app] GET /api/frameworks/iso27001-soa/controls
[app] GET /api/frameworks/iso27001/objectives
[app] GET /api/risk-management
[app] GET /api/risk-management/indicators
[app] GET /api/risk-management/dropdowns
[app] GET /api/policy-register/dropdowns
[policyRegisterRoutes] GET /dropdowns
[app] GET /api/policy-register
[policyRegisterRoutes] GET /
[policyRegisterRoutes] GET / - before permission check
[policyRegisterRoutes] GET / - after permission, calling list
[policyRegisterController.list] Handler called
[policyRegisterController.list] Returning 2 policies
[app] GET /api/personnel-certifications
[app] GET /api/personnel-certifications/organization-personnel
[app] GET /api/certification-roadmap-catalog
[app] GET /api/tprm-questionnaires
[app] GET /api/questionnaire-templates
[app] GET /api/questionnaire-templates
[app] GET /api/tprm-questionnaires
[app] GET /api/tprm
[app] GET /api/risk-management
[app] GET /api/risk-management/indicators
[app] GET /api/risk-management/dropdowns
[app] GET /api/tprm-questionnaires
[app] GET /api/tprm
[app] GET /api/questionnaire-templates
[app] GET /api/questionnaire-templates
[app] GET /api/files?details=true
[app] GET /api/backups
[app] GET /api/auth/me
[app] GET /api/auth/permissions
[app] GET /api/audit?limit=25&offset=0
[app] GET /api/auth/users
[app] GET /login
[app] GET /tailwind.css
[app] POST /api/auth/login
[app] GET /favicon.ico
[app] GET /login
[app] GET /app
[app] GET /styles.css
[app] GET /modern.css
[app] GET /legacy-before-tailwind.css
[app] GET /tailwind.css
[app] GET /legacy-after-tailwind.css
[app] GET /vue/assets/index-CDo0jOct.js
[app] GET /vue/assets/index-CCGk9V63.css
[app] GET /api/auth/me
[app] GET /login
[app] GET /tailwind.css
[app] GET /api/auth/me
[app] GET /favicon.ico
[app] GET /login
[app] POST /api/auth/login
[app] GET /app
[app] GET /styles.css
[app] GET /modern.css
[app] GET /legacy-before-tailwind.css
[app] GET /tailwind.css
[app] GET /legacy-after-tailwind.css
[app] GET /vue/assets/index-CCGk9V63.css
[app] GET /vue/assets/index-CDo0jOct.js
[app] GET /api/auth/me
[app] GET /api/auth/me
[app] GET /api/auth/me
[app] GET /api/policy-register
[policyRegisterRoutes] GET /
[policyRegisterRoutes] GET / - before permission check
[policyRegisterRoutes] GET / - after permission, calling list
[policyRegisterController.list] Handler called
[app] GET /api/frameworks/iso27001/controls
[app] GET /api/auth/me
[app] GET /api/frameworks/iso27001-soa/controls
[app] GET /api/frameworks/iso27001/objectives
[app] GET /api/assessment
[policyRegisterController.list] Returning 2 policies
[app] GET /api/csf
[app] GET /api/frameworks/csf/targets
[app] GET /api/risk-acceptance
[app] GET /api/risk-management
[app] GET /api/risk-management/indicators
[app] GET /api/risk-management/dropdowns
[app] GET /api/auth/me
[app] GET /api/threat-modelling
[app] GET /api/privacy
[app] GET /api/privacy/assessment
[app] GET /api/frameworks/privacy/targets
[app] GET /api/files?details=true
[app] GET /api/files/access/ISO%2027001/Policy/cba87cde-8968-4500-9170-549c1f772d45/Lukmanul_Hakim_CV_ATS.pdf
[app] GET /api/files/access/ISO%2027001/Policy/324f26af-7aea-4574-a6f3-154689b84fa0/Tanpa%20judul.jpeg
[app] GET /api/files/access/ISO%2027001/Policy/e026bb26-d429-454e-a637-325cd6b9aac4/Lukmanul_Hakim_CV_ATS%20_2_.pdf
[app] GET /api/files/access/ISO%2027001/Policy/4451a19b-0c75-4ccb-a3e2-e7cb6bffba46/Script_Presentasi_BRINSIGHT_5_Menit.pdf
[app] GET /favicon.ico
[app] GET /api/privacy
[app] GET /api/privacy/assessment
[app] GET /api/frameworks/privacy/targets
[app] GET /api/files/access/upload/COMMUNICATE-P/Policy/1788341401042-69997f978423ab9f-relevansi%20kebijakan%20_1_.xlsx
[app] GET /api/files/access/upload/COMMUNICATE-P/Policy/d6fa2c26-e92c-418f-94d7-d3aaf6bfd0f1/Lukmanul_Hakim_CV_ATS%20_2_.pdf
[app] GET /api/audit-finding-tracker
[app] GET /app
[app] GET /api/frameworks/iso27001/controls
[app] GET /api/frameworks/iso27001-soa/controls
[app] GET /api/frameworks/iso27001/objectives
[app] GET /api/risk-management
[app] GET /api/risk-management/indicators
[app] GET /api/risk-management/dropdowns
[app] GET /api/policy-register/dropdowns
[policyRegisterRoutes] GET /dropdowns
[app] GET /api/policy-register
[policyRegisterRoutes] GET /
[policyRegisterRoutes] GET / - before permission check
[policyRegisterRoutes] GET / - after permission, calling list
[policyRegisterController.list] Handler called
[policyRegisterController.list] Returning 2 policies
[app] GET /api/personnel-certifications
[app] GET /api/personnel-certifications/organization-personnel
[app] GET /api/certification-roadmap-catalog
[app] GET /api/tprm-questionnaires
[app] GET /api/questionnaire-templates
[app] GET /api/questionnaire-templates
[app] GET /api/tprm-questionnaires
[app] GET /api/tprm
[app] GET /api/risk-management
[app] GET /api/risk-management/indicators
[app] GET /api/risk-management/dropdowns
[app] GET /api/tprm-questionnaires
[app] GET /api/tprm
[app] GET /api/questionnaire-templates
[app] GET /api/questionnaire-templates
[app] GET /api/files?details=true
[app] GET /api/backups
[app] GET /api/file-backups
[app] GET /api/auth/me
[app] GET /api/auth/users
[app] GET /api/auth/permissions
[app] GET /api/audit?limit=25&offset=0
[app] GET /api/personnel-certifications
[app] GET /api/personnel-certifications/organization-personnel
[app] GET /api/certification-roadmap-catalog
[app] GET /login
[app] GET /tailwind.css
[app] GET /api/auth/me
[app] GET /favicon.ico
[app] GET /login
[app] POST /api/auth/login
[app] GET /app
[app] GET /modern.css
[app] GET /styles.css
[app] GET /legacy-before-tailwind.css
[app] GET /vue/assets/index-CCGk9V63.css
[app] GET /legacy-after-tailwind.css
[app] GET /vue/assets/index-DthBKJIw.js
[app] GET /tailwind.css
[app] GET /api/auth/me
[app] GET /api/auth/me
[app] GET /api/auth/me
[app] GET /api/policy-register
[policyRegisterRoutes] GET /
[policyRegisterRoutes] GET / - before permission check
[policyRegisterRoutes] GET / - after permission, calling list
[policyRegisterController.list] Handler called
[app] GET /api/auth/me
[app] GET /api/frameworks/iso27001/controls
[policyRegisterController.list] Returning 2 policies
[app] GET /api/frameworks/iso27001-soa/controls
[app] GET /api/frameworks/iso27001/objectives
[app] GET /api/assessment
[app] GET /api/csf
[app] GET /api/frameworks/csf/targets
[app] GET /api/risk-acceptance
[app] GET /api/risk-management
[app] GET /api/risk-management/indicators
[app] GET /api/risk-management/dropdowns
[app] GET /api/auth/me
[app] GET /api/threat-modelling
[app] GET /api/privacy
[app] GET /api/privacy/assessment
[app] GET /api/frameworks/privacy/targets
[app] GET /api/files?details=true
[app] GET /favicon.ico
[app] GET /api/privacy
[app] GET /api/privacy/assessment
[app] GET /api/frameworks/privacy/targets
[app] GET /api/files/access/ISO%2027001/Policy/cba87cde-8968-4500-9170-549c1f772d45/Lukmanul_Hakim_CV_ATS.pdf
[app] GET /api/files/access/ISO%2027001/Policy/324f26af-7aea-4574-a6f3-154689b84fa0/Tanpa%20judul.jpeg
[app] GET /api/files/access/ISO%2027001/Policy/e026bb26-d429-454e-a637-325cd6b9aac4/Lukmanul_Hakim_CV_ATS%20_2_.pdf
[app] GET /api/files/access/ISO%2027001/Policy/4451a19b-0c75-4ccb-a3e2-e7cb6bffba46/Script_Presentasi_BRINSIGHT_5_Menit.pdf
[app] GET /api/files/access/upload/Govern/Policy/60fabe4a-354f-4c9b-90bf-9ee7af978ab9/Cybersecurity-Risk-Acceptance-Form-3%20_8_.pdf
[app] GET /api/files/access/upload/COMMUNICATE-P/Policy/1788341401042-69997f978423ab9f-relevansi%20kebijakan%20_1_.xlsx
[app] GET /api/files/access/upload/COMMUNICATE-P/Policy/d6fa2c26-e92c-418f-94d7-d3aaf6bfd0f1/Lukmanul_Hakim_CV_ATS%20_2_.pdf
[app] GET /api/audit-finding-tracker
[app] GET /app
[app] GET /api/frameworks/iso27001/controls
[app] GET /api/frameworks/iso27001-soa/controls
[app] GET /api/frameworks/iso27001/objectives
[app] GET /api/risk-management
[app] GET /api/risk-management/indicators
[app] GET /api/risk-management/dropdowns
[app] GET /api/policy-register/dropdowns
[policyRegisterRoutes] GET /dropdowns
[app] GET /api/policy-register
[policyRegisterRoutes] GET /
[policyRegisterRoutes] GET / - before permission check
[policyRegisterRoutes] GET / - after permission, calling list
[policyRegisterController.list] Handler called
[policyRegisterController.list] Returning 2 policies
[app] GET /api/personnel-certifications
[app] GET /api/personnel-certifications/organization-personnel
[app] GET /api/certification-roadmap-catalog
[app] GET /api/tprm-questionnaires
[app] GET /api/questionnaire-templates
[app] GET /api/questionnaire-templates
[app] GET /api/tprm-questionnaires
[app] GET /api/tprm
[app] GET /api/risk-management
[app] GET /api/risk-management/indicators
[app] GET /api/risk-management/dropdowns
[app] GET /api/tprm-questionnaires
[app] GET /api/tprm
[app] GET /api/questionnaire-templates
[app] GET /api/questionnaire-templates
[app] GET /api/files?details=true
[app] GET /api/backups
[app] GET /api/file-backups
[app] GET /app
[app] GET /styles.css
[app] GET /modern.css
[app] GET /legacy-before-tailwind.css
[app] GET /legacy-after-tailwind.css
[app] GET /vue/assets/index-CCGk9V63.css
[app] GET /tailwind.css
[app] GET /vue/assets/index-CneIfFc1.js
[app] GET /api/auth/me
[app] GET /api/auth/me
[app] GET /api/policy-register
[policyRegisterRoutes] GET /
[policyRegisterRoutes] GET / - before permission check
[policyRegisterRoutes] GET / - after permission, calling list
[policyRegisterController.list] Handler called
[app] GET /api/frameworks/iso27001/controls
[app] GET /api/frameworks/iso27001/objectives
[app] GET /api/frameworks/iso27001-soa/controls
[app] GET /api/assessment
[app] GET /api/csf
[app] GET /api/frameworks/csf/targets
[app] GET /api/risk-acceptance
[app] GET /api/risk-management
[policyRegisterController.list] Returning 2 policies
[app] GET /api/risk-management/indicators
[app] GET /api/risk-management/dropdowns
[app] GET /api/file-backups
[app] GET /api/auth/me
[app] GET /favicon.ico
[app] GET /api/threat-modelling
[app] GET /api/auth/me
[app] GET /api/privacy
[app] GET /api/privacy/assessment
[app] GET /api/frameworks/privacy/targets
[app] GET /api/files/access/upload/Govern/Policy/60fabe4a-354f-4c9b-90bf-9ee7af978ab9/Cybersecurity-Risk-Acceptance-Form-3%20_8_.pdf
[app] GET /api/auth/me
[app] GET /api/files?details=true
[app] GET /api/files/access/upload/COMMUNICATE-P/Policy/1788341401042-69997f978423ab9f-relevansi%20kebijakan%20_1_.xlsx
[app] GET /api/files/access/upload/COMMUNICATE-P/Policy/d6fa2c26-e92c-418f-94d7-d3aaf6bfd0f1/Lukmanul_Hakim_CV_ATS%20_2_.pdf
[app] GET /api/privacy
[app] GET /api/privacy/assessment
[app] GET /api/frameworks/privacy/targets
[app] GET /api/files/access/ISO%2027001/Policy/cba87cde-8968-4500-9170-549c1f772d45/Lukmanul_Hakim_CV_ATS.pdf
[app] GET /api/files/access/ISO%2027001/Policy/324f26af-7aea-4574-a6f3-154689b84fa0/Tanpa%20judul.jpeg
[app] GET /api/files/access/ISO%2027001/Policy/e026bb26-d429-454e-a637-325cd6b9aac4/Lukmanul_Hakim_CV_ATS%20_2_.pdf
[app] GET /api/files/access/ISO%2027001/Policy/4451a19b-0c75-4ccb-a3e2-e7cb6bffba46/Script_Presentasi_BRINSIGHT_5_Menit.pdf
[app] GET /api/backups
[app] GET /api/file-backups
[app] GET /api/backups
[app] GET /api/auth/me
[app] GET /api/auth/users
[app] GET /api/auth/permissions
[app] GET /api/audit?limit=25&offset=0
[app] GET /app
[app] GET /styles.css
[app] GET /modern.css
[app] GET /legacy-before-tailwind.css
[app] GET /vue/assets/index-CCGk9V63.css
[app] GET /legacy-after-tailwind.css
[app] GET /tailwind.css
[app] GET /vue/assets/index-CneIfFc1.js
[app] GET /api/auth/me
[app] GET /api/auth/me
[app] GET /api/policy-register
[policyRegisterRoutes] GET /
[policyRegisterRoutes] GET / - before permission check
[policyRegisterRoutes] GET / - after permission, calling list
[policyRegisterController.list] Handler called
[app] GET /api/frameworks/iso27001-soa/controls
[app] GET /api/frameworks/iso27001/controls
[app] GET /api/frameworks/iso27001/objectives
[app] GET /api/assessment
[app] GET /api/csf
[app] GET /api/frameworks/csf/targets
[policyRegisterController.list] Returning 2 policies
[app] GET /api/risk-acceptance
[app] GET /api/risk-management
[app] GET /api/risk-management/indicators
[app] GET /api/risk-management/dropdowns
[app] GET /api/backups
[app] GET /api/auth/me
[app] GET /favicon.ico
[app] GET /api/threat-modelling
[app] GET /api/auth/me
[app] GET /api/privacy
[app] GET /api/privacy/assessment
[app] GET /api/frameworks/privacy/targets
[app] GET /api/auth/me
[app] GET /api/files?details=true
[app] GET /api/privacy
[app] GET /api/privacy/assessment
[app] GET /api/frameworks/privacy/targets
[app] GET /api/files/access/ISO%2027001/Policy/cba87cde-8968-4500-9170-549c1f772d45/Lukmanul_Hakim_CV_ATS.pdf
[app] GET /api/files/access/ISO%2027001/Policy/324f26af-7aea-4574-a6f3-154689b84fa0/Tanpa%20judul.jpeg
[app] GET /api/files/access/ISO%2027001/Policy/e026bb26-d429-454e-a637-325cd6b9aac4/Lukmanul_Hakim_CV_ATS%20_2_.pdf
[app] GET /api/files/access/ISO%2027001/Policy/4451a19b-0c75-4ccb-a3e2-e7cb6bffba46/Script_Presentasi_BRINSIGHT_5_Menit.pdf
[app] GET /api/files/access/upload/COMMUNICATE-P/Policy/1788341401042-69997f978423ab9f-relevansi%20kebijakan%20_1_.xlsx
[app] GET /api/files/access/upload/COMMUNICATE-P/Policy/d6fa2c26-e92c-418f-94d7-d3aaf6bfd0f1/Lukmanul_Hakim_CV_ATS%20_2_.pdf
[app] GET /api/files/access/upload/Govern/Policy/60fabe4a-354f-4c9b-90bf-9ee7af978ab9/Cybersecurity-Risk-Acceptance-Form-3%20_8_.pdf
[app] GET /api/auth/me
[app] GET /api/auth/users
[app] GET /api/audit?limit=25&offset=0
[app] GET /api/auth/permissions
[app] GET /api/smtp-settings
[app] POST /api/auth/logout
[app] GET /login
[app] GET /tailwind.css
[app] GET /api/auth/me
[app] GET /favicon.ico
[app] GET /login
[app] POST /api/auth/login
[app] GET /app
[app] GET /styles.css
[app] GET /modern.css
[app] GET /legacy-before-tailwind.css
[app] GET /tailwind.css
[app] GET /vue/assets/index-CneIfFc1.js
[app] GET /legacy-after-tailwind.css
[app] GET /vue/assets/index-CCGk9V63.css
[app] GET /api/auth/me
[app] GET /api/auth/me
[app] GET /api/auth/me
[app] GET /api/policy-register
[policyRegisterRoutes] GET /
[policyRegisterRoutes] GET / - before permission check
[policyRegisterRoutes] GET / - after permission, calling list
[policyRegisterController.list] Handler called
[policyRegisterController.list] Returning 2 policies
[app] GET /api/frameworks/iso27001/controls
[app] GET /api/auth/me
[app] GET /api/frameworks/iso27001-soa/controls
[app] GET /api/frameworks/iso27001/objectives
[app] GET /api/assessment
[app] GET /api/csf
[app] GET /api/frameworks/csf/targets
[app] GET /api/risk-acceptance
[app] GET /api/risk-management
[app] GET /api/risk-management/indicators
[app] GET /api/risk-management/dropdowns
[app] GET /api/threat-modelling
[app] GET /api/frameworks/privacy/targets
[app] GET /api/privacy
[app] GET /api/privacy/assessment
[app] GET /api/files?details=true
[app] GET /api/privacy
[app] GET /api/privacy/assessment
[app] GET /api/frameworks/privacy/targets
[app] GET /api/files/access/ISO%2027001/Policy/cba87cde-8968-4500-9170-549c1f772d45/Lukmanul_Hakim_CV_ATS.pdf
[app] GET /api/files/access/ISO%2027001/Policy/324f26af-7aea-4574-a6f3-154689b84fa0/Tanpa%20judul.jpeg
[app] GET /api/files/access/ISO%2027001/Policy/e026bb26-d429-454e-a637-325cd6b9aac4/Lukmanul_Hakim_CV_ATS%20_2_.pdf
[app] GET /api/files/access/ISO%2027001/Policy/4451a19b-0c75-4ccb-a3e2-e7cb6bffba46/Script_Presentasi_BRINSIGHT_5_Menit.pdf
[app] GET /api/auth/me
[app] GET /api/files/access/upload/Govern/Policy/60fabe4a-354f-4c9b-90bf-9ee7af978ab9/Cybersecurity-Risk-Acceptance-Form-3%20_8_.pdf
[app] GET /favicon.ico
[app] GET /api/files/access/upload/COMMUNICATE-P/Policy/1788341401042-69997f978423ab9f-relevansi%20kebijakan%20_1_.xlsx
[app] GET /api/files/access/upload/COMMUNICATE-P/Policy/d6fa2c26-e92c-418f-94d7-d3aaf6bfd0f1/Lukmanul_Hakim_CV_ATS%20_2_.pdf
[app] GET /api/backups
[app] GET /api/file-backups
[app] GET /api/backups
[app] GET /api/files?details=true
[app] GET /api/storage-settings
[app] GET /api/auth/me
[app] GET /api/auth/users
[app] GET /api/auth/permissions
[app] GET /api/audit?limit=25&offset=0
[app] GET /api/auth/me
[app] GET /api/auth/users
[app] GET /api/auth/permissions
[app] GET /api/audit?limit=25&offset=0
[app] GET /app
[app] GET /styles.css
[app] GET /modern.css
[app] GET /legacy-before-tailwind.css
[app] GET /legacy-after-tailwind.css
[app] GET /vue/assets/index-CCGk9V63.css
[app] GET /vue/assets/index-CneIfFc1.js
[app] GET /api/auth/me
[app] GET /api/auth/me
[app] GET /api/policy-register
[policyRegisterRoutes] GET /
[policyRegisterRoutes] GET / - before permission check
[policyRegisterRoutes] GET / - after permission, calling list
[policyRegisterController.list] Handler called
[app] GET /api/frameworks/iso27001-soa/controls
[app] GET /api/frameworks/iso27001/controls
[app] GET /api/frameworks/iso27001/objectives
[app] GET /api/assessment
[app] GET /api/csf
[app] GET /api/frameworks/csf/targets
[policyRegisterController.list] Returning 2 policies
[app] GET /api/risk-acceptance
[app] GET /api/risk-management
[app] GET /api/risk-management/indicators
[app] GET /api/risk-management/dropdowns
[app] GET /api/files?details=true
[app] GET /api/auth/me
[app] GET /favicon.ico
[app] GET /api/threat-modelling
[app] GET /api/auth/me
[app] GET /api/privacy
[app] GET /api/privacy/assessment
[app] GET /api/frameworks/privacy/targets
[app] GET /api/auth/me
[app] GET /api/files?details=true
[app] GET /api/privacy
[app] GET /api/privacy/assessment
[app] GET /api/frameworks/privacy/targets
[app] GET /api/files/access/ISO%2027001/Policy/cba87cde-8968-4500-9170-549c1f772d45/Lukmanul_Hakim_CV_ATS.pdf
[app] GET /api/files/access/ISO%2027001/Policy/324f26af-7aea-4574-a6f3-154689b84fa0/Tanpa%20judul.jpeg
[app] GET /api/files/access/ISO%2027001/Policy/e026bb26-d429-454e-a637-325cd6b9aac4/Lukmanul_Hakim_CV_ATS%20_2_.pdf
[app] GET /api/files/access/ISO%2027001/Policy/4451a19b-0c75-4ccb-a3e2-e7cb6bffba46/Script_Presentasi_BRINSIGHT_5_Menit.pdf
[app] GET /api/files/access/upload/Govern/Policy/60fabe4a-354f-4c9b-90bf-9ee7af978ab9/Cybersecurity-Risk-Acceptance-Form-3%20_8_.pdf
[app] GET /api/files/access/upload/COMMUNICATE-P/Policy/1788341401042-69997f978423ab9f-relevansi%20kebijakan%20_1_.xlsx
[app] GET /api/files/access/upload/COMMUNICATE-P/Policy/d6fa2c26-e92c-418f-94d7-d3aaf6bfd0f1/Lukmanul_Hakim_CV_ATS%20_2_.pdf
[app] GET /api/storage-settings
[app] GET /login
[app] GET /tailwind.css
[app] GET /api/auth/me
[app] GET /favicon.ico
[app] GET /login
[app] POST /api/auth/login
[app] GET /app
[app] GET /styles.css
[app] GET /modern.css
[app] GET /legacy-before-tailwind.css
[app] GET /tailwind.css
[app] GET /legacy-after-tailwind.css
[app] GET /vue/assets/index-CCGk9V63.css
[app] GET /vue/assets/index-BAsTTfWz.js
[app] GET /api/auth/me
[app] GET /api/auth/me
[app] GET /api/auth/me
[app] GET /api/policy-register
[policyRegisterRoutes] GET /
[policyRegisterRoutes] GET / - before permission check
[policyRegisterRoutes] GET / - after permission, calling list
[policyRegisterController.list] Handler called
[app] GET /api/frameworks/iso27001/controls
[app] GET /api/frameworks/iso27001-soa/controls
[app] GET /api/frameworks/iso27001/objectives
[app] GET /api/assessment
[app] GET /api/csf
[policyRegisterController.list] Returning 2 policies
[app] GET /api/frameworks/csf/targets
[app] GET /api/risk-acceptance
[app] GET /api/risk-management
[app] GET /api/risk-management/indicators
[app] GET /api/risk-management/dropdowns
[app] GET /api/auth/me
[app] GET /api/auth/me
[app] GET /api/threat-modelling
[app] GET /api/privacy
[app] GET /api/privacy/assessment
[app] GET /api/frameworks/privacy/targets
[app] GET /api/files?details=true
[app] GET /api/privacy
[app] GET /api/privacy/assessment
[app] GET /api/frameworks/privacy/targets
[app] GET /api/files/access/ISO%2027001/Policy/cba87cde-8968-4500-9170-549c1f772d45/Lukmanul_Hakim_CV_ATS.pdf
[app] GET /api/files/access/ISO%2027001/Policy/324f26af-7aea-4574-a6f3-154689b84fa0/Tanpa%20judul.jpeg
[app] GET /api/files/access/ISO%2027001/Policy/e026bb26-d429-454e-a637-325cd6b9aac4/Lukmanul_Hakim_CV_ATS%20_2_.pdf
[app] GET /api/files/access/ISO%2027001/Policy/4451a19b-0c75-4ccb-a3e2-e7cb6bffba46/Script_Presentasi_BRINSIGHT_5_Menit.pdf
[app] GET /favicon.ico
[app] GET /api/files/access/upload/Govern/Policy/60fabe4a-354f-4c9b-90bf-9ee7af978ab9/Cybersecurity-Risk-Acceptance-Form-3%20_8_.pdf
[app] GET /api/files/access/upload/COMMUNICATE-P/Policy/1788341401042-69997f978423ab9f-relevansi%20kebijakan%20_1_.xlsx
[app] GET /api/files/access/upload/COMMUNICATE-P/Policy/d6fa2c26-e92c-418f-94d7-d3aaf6bfd0f1/Lukmanul_Hakim_CV_ATS%20_2_.pdf
[app] GET /api/audit-finding-tracker
[app] GET /app
[app] GET /api/frameworks/iso27001/controls
[app] GET /api/frameworks/iso27001-soa/controls
[app] GET /api/frameworks/iso27001/objectives
[app] GET /api/risk-management
[app] GET /api/risk-management/indicators
[app] GET /api/risk-management/dropdowns
[app] GET /api/policy-register/dropdowns
[policyRegisterRoutes] GET /dropdowns
[app] GET /api/policy-register
[policyRegisterRoutes] GET /
[policyRegisterRoutes] GET / - before permission check
[policyRegisterRoutes] GET / - after permission, calling list
[policyRegisterController.list] Handler called
[policyRegisterController.list] Returning 2 policies
[app] GET /api/personnel-certifications
[app] GET /api/personnel-certifications/organization-personnel
[app] GET /api/certification-roadmap-catalog
[app] GET /api/tprm-questionnaires
[app] GET /api/questionnaire-templates
[app] GET /api/questionnaire-templates
[app] GET /api/tprm-questionnaires
[app] GET /api/tprm
[app] GET /api/risk-management
[app] GET /api/risk-management/indicators
[app] GET /api/risk-management/dropdowns
[app] GET /api/tprm-questionnaires
[app] GET /api/tprm
[app] GET /api/questionnaire-templates
[app] GET /api/questionnaire-templates
[app] GET /api/files?details=true
[app] GET /api/backups
[app] GET /api/file-backups
[app] GET /api/auth/me
[app] GET /api/auth/users
[app] GET /api/auth/permissions
[app] GET /api/audit?limit=25&offset=0
[app] GET /login
[app] GET /tailwind.css
[app] GET /api/auth/me
[app] GET /favicon.ico
[app] GET /login
[app] POST /api/auth/login
[app] GET /app
[app] GET /modern.css
[app] GET /styles.css
[app] GET /legacy-before-tailwind.css
[app] GET /legacy-after-tailwind.css
[app] GET /vue/assets/index-CCGk9V63.css
[app] GET /tailwind.css
[app] GET /vue/assets/index-BAsTTfWz.js
[app] GET /api/auth/me
[app] GET /favicon.ico
[app] GET /api/audit-finding-tracker
[app] GET /app
[app] GET /api/frameworks/iso27001/controls
[app] GET /api/frameworks/iso27001-soa/controls
[app] GET /api/frameworks/iso27001/objectives
[app] GET /api/policy-register
[policyRegisterRoutes] GET /
[policyRegisterRoutes] GET / - before permission check
[policyRegisterRoutes] GET / - after permission, calling list
[policyRegisterController.list] Handler called
[policyRegisterController.list] Returning 2 policies
[app] GET /api/files/access/ISO%2027001/Policy/cba87cde-8968-4500-9170-549c1f772d45/Lukmanul_Hakim_CV_ATS.pdf
[app] GET /api/files/access/ISO%2027001/Policy/324f26af-7aea-4574-a6f3-154689b84fa0/Tanpa%20judul.jpeg
[app] GET /api/files/access/ISO%2027001/Policy/e026bb26-d429-454e-a637-325cd6b9aac4/Lukmanul_Hakim_CV_ATS%20_2_.pdf
[app] GET /api/files/access/ISO%2027001/Policy/4451a19b-0c75-4ccb-a3e2-e7cb6bffba46/Script_Presentasi_BRINSIGHT_5_Menit.pdf
[app] GET /api/risk-management
[app] GET /api/risk-management/indicators
[app] GET /api/risk-management/dropdowns
[app] GET /api/policy-register/dropdowns
[policyRegisterRoutes] GET /dropdowns
[app] GET /api/policy-register
[policyRegisterRoutes] GET /
[policyRegisterRoutes] GET / - before permission check
[policyRegisterRoutes] GET / - after permission, calling list
[policyRegisterController.list] Handler called
[policyRegisterController.list] Returning 2 policies
[app] GET /api/personnel-certifications
[app] GET /api/personnel-certifications/organization-personnel
[app] GET /api/certification-roadmap-catalog
[app] GET /api/tprm-questionnaires
[app] GET /api/questionnaire-templates
[app] GET /api/questionnaire-templates
[app] GET /api/tprm-questionnaires
[app] GET /api/tprm
[app] GET /api/risk-management/indicators
[app] GET /api/risk-management/dropdowns
[app] GET /api/risk-management
[app] GET /api/tprm-questionnaires
[app] GET /api/tprm
[app] GET /api/questionnaire-templates
[app] GET /api/files?details=true
[app] GET /api/questionnaire-templates
[app] GET /api/backups
[app] GET /api/file-backups
[app] GET /api/auth/me
[app] GET /login
[app] GET /tailwind.css
[app] GET /api/auth/me
[app] GET /favicon.ico
[app] GET /login
[app] POST /api/auth/login
[app] GET /app
[app] GET /styles.css
[app] GET /modern.css
[app] GET /legacy-before-tailwind.css
[app] GET /tailwind.css
[app] GET /legacy-after-tailwind.css
[app] GET /vue/assets/index-CCGk9V63.css
[app] GET /vue/assets/index-BAsTTfWz.js
[app] GET /api/auth/me
[app] GET /api/auth/me
[app] GET /api/auth/me
[app] GET /api/auth/me
[app] GET /api/threat-modelling
[app] GET /api/privacy
[app] GET /api/frameworks/privacy/targets
[app] GET /api/privacy/assessment
[app] GET /api/files?details=true
[app] GET /favicon.ico
[app] GET /api/files/access/upload/COMMUNICATE-P/Policy/1788341401042-69997f978423ab9f-relevansi%20kebijakan%20_1_.xlsx
[app] GET /api/files/access/upload/COMMUNICATE-P/Policy/d6fa2c26-e92c-418f-94d7-d3aaf6bfd0f1/Lukmanul_Hakim_CV_ATS%20_2_.pdf
[app] GET /api/audit-finding-tracker
[app] GET /app
[app] GET /api/frameworks/iso27001/controls
[app] GET /api/policy-register
[policyRegisterRoutes] GET /
[policyRegisterRoutes] GET / - before permission check
[policyRegisterRoutes] GET / - after permission, calling list
[policyRegisterController.list] Handler called
[app] GET /api/frameworks/iso27001-soa/controls
[app] GET /api/frameworks/iso27001/objectives
[policyRegisterController.list] Returning 2 policies
[app] GET /api/files/access/ISO%2027001/Policy/cba87cde-8968-4500-9170-549c1f772d45/Lukmanul_Hakim_CV_ATS.pdf
[app] GET /api/files/access/ISO%2027001/Policy/324f26af-7aea-4574-a6f3-154689b84fa0/Tanpa%20judul.jpeg
[app] GET /api/files/access/ISO%2027001/Policy/4451a19b-0c75-4ccb-a3e2-e7cb6bffba46/Script_Presentasi_BRINSIGHT_5_Menit.pdf
[app] GET /api/files/access/ISO%2027001/Policy/e026bb26-d429-454e-a637-325cd6b9aac4/Lukmanul_Hakim_CV_ATS%20_2_.pdf
[app] GET /api/risk-management/indicators
[app] GET /api/risk-management
[app] GET /api/risk-management/dropdowns
[app] GET /api/policy-register/dropdowns
[policyRegisterRoutes] GET /dropdowns
[app] GET /api/policy-register
[policyRegisterRoutes] GET /
[policyRegisterRoutes] GET / - before permission check
[policyRegisterRoutes] GET / - after permission, calling list
[policyRegisterController.list] Handler called
[policyRegisterController.list] Returning 2 policies
[app] GET /api/personnel-certifications/organization-personnel
[app] GET /api/personnel-certifications
[app] GET /api/certification-roadmap-catalog
[app] GET /api/tprm-questionnaires
[app] GET /api/questionnaire-templates
[app] GET /api/questionnaire-templates
[app] GET /api/tprm-questionnaires
[app] GET /api/tprm
[app] GET /api/risk-management/indicators
[app] GET /api/risk-management
[app] GET /api/risk-management/dropdowns
[app] GET /api/tprm-questionnaires
[app] GET /api/tprm
[app] GET /api/questionnaire-templates
[app] GET /api/questionnaire-templates
[app] GET /api/files?details=true
[app] GET /api/backups
[app] GET /api/file-backups
[app] GET /api/auth/me
[app] GET /api/auth/permissions
[app] GET /api/auth/users
[app] GET /api/audit?limit=25&offset=0
[app] GET /api/storage-settings
[app] GET /api/personnel-certifications
[app] GET /api/personnel-certifications/organization-personnel
[app] GET /api/certification-roadmap-catalog
[app] GET /login
[app] GET /tailwind.css
[app] GET /api/auth/me
[app] GET /favicon.ico
[app] GET /login
[app] POST /api/auth/login
[app] GET /app
[app] GET /styles.css
[app] GET /modern.css
[app] GET /legacy-before-tailwind.css
[app] GET /tailwind.css
[app] GET /legacy-after-tailwind.css
[app] GET /vue/assets/index-CCGk9V63.css
[app] GET /vue/assets/index-BAsTTfWz.js
[app] GET /api/auth/me
[app] GET /api/auth/me
[app] GET /api/auth/me
[app] GET /api/policy-register
[policyRegisterRoutes] GET /
[policyRegisterRoutes] GET / - before permission check
[policyRegisterRoutes] GET / - after permission, calling list
[policyRegisterController.list] Handler called
[app] GET /api/frameworks/iso27001/controls
[app] GET /api/auth/me
[app] GET /api/frameworks/iso27001-soa/controls
[app] GET /api/frameworks/iso27001/objectives
[app] GET /api/assessment
[policyRegisterController.list] Returning 2 policies
[app] GET /api/csf
[app] GET /api/frameworks/csf/targets
[app] GET /api/risk-acceptance
[app] GET /api/risk-management
[app] GET /api/risk-management/indicators
[app] GET /api/risk-management/dropdowns
[app] GET /login
[app] GET /api/threat-modelling
[app] GET /app
[app] GET /api/privacy
[app] GET /api/privacy/assessment
[app] GET /api/files?details=true
[app] GET /api/frameworks/privacy/targets
[app] GET /favicon.ico
[app] GET /styles.css
[app] GET /modern.css
[app] GET /legacy-before-tailwind.css
[app] GET /legacy-after-tailwind.css
[app] GET /tailwind.css
[app] GET /vue/assets/index-CCGk9V63.css
[app] GET /vue/assets/index-BAsTTfWz.js
[app] GET /api/auth/me
[app] GET /api/auth/me
[app] GET /api/auth/me
[app] GET /api/policy-register
[policyRegisterRoutes] GET /
[policyRegisterRoutes] GET / - before permission check
[policyRegisterRoutes] GET / - after permission, calling list
[policyRegisterController.list] Handler called
[app] GET /api/frameworks/iso27001/controls
[app] GET /api/frameworks/iso27001-soa/controls
[app] GET /api/frameworks/iso27001/objectives
[app] GET /api/assessment
[app] GET /api/csf
[policyRegisterController.list] Returning 2 policies
[app] GET /api/frameworks/csf/targets
[app] GET /api/risk-acceptance
[app] GET /api/risk-management
[app] GET /api/risk-management/indicators
[app] GET /api/risk-management/dropdowns
[app] GET /api/auth/me
[app] GET /api/auth/me
[app] GET /api/threat-modelling
[app] GET /api/privacy
[app] GET /api/privacy/assessment
[app] GET /api/frameworks/privacy/targets
[app] GET /api/files?details=true
[app] GET /api/files/access/ISO%2027001/Policy/cba87cde-8968-4500-9170-549c1f772d45/Lukmanul_Hakim_CV_ATS.pdf
[app] GET /api/files/access/ISO%2027001/Policy/324f26af-7aea-4574-a6f3-154689b84fa0/Tanpa%20judul.jpeg
[app] GET /api/files/access/ISO%2027001/Policy/e026bb26-d429-454e-a637-325cd6b9aac4/Lukmanul_Hakim_CV_ATS%20_2_.pdf
[app] GET /api/files/access/ISO%2027001/Policy/4451a19b-0c75-4ccb-a3e2-e7cb6bffba46/Script_Presentasi_BRINSIGHT_5_Menit.pdf
[app] GET /api/privacy
[app] GET /api/privacy/assessment
[app] GET /api/frameworks/privacy/targets
[app] GET /favicon.ico
[app] GET /api/files/access/upload/COMMUNICATE-P/Policy/d6fa2c26-e92c-418f-94d7-d3aaf6bfd0f1/Lukmanul_Hakim_CV_ATS%20_2_.pdf
[app] GET /api/files/access/upload/COMMUNICATE-P/Policy/1788341401042-69997f978423ab9f-relevansi%20kebijakan%20_1_.xlsx
[app] GET /api/files/access/upload/Govern/Policy/60fabe4a-354f-4c9b-90bf-9ee7af978ab9/Cybersecurity-Risk-Acceptance-Form-3%20_8_.pdf
[app] GET /api/auth/me
[app] GET /api/auth/users
[app] GET /api/auth/permissions
[app] GET /api/audit?limit=25&offset=0
[app] GET /api/smtp-settings
[app] GET /api/storage-settings
[app] GET /api/auth/me
[app] GET /api/auth/permissions
[app] GET /api/audit?limit=25&offset=0
[app] GET /app
[app] GET /styles.css
[app] GET /modern.css
[app] GET /legacy-before-tailwind.css
[app] GET /legacy-after-tailwind.css
[app] GET /vue/assets/index-BAsTTfWz.js
[app] GET /tailwind.css
[app] GET /vue/assets/index-CCGk9V63.css
[app] GET /api/auth/me
[app] GET /api/auth/me
[app] GET /api/auth/me
[app] GET /api/policy-register
[policyRegisterRoutes] GET /
[policyRegisterRoutes] GET / - before permission check
[policyRegisterRoutes] GET / - after permission, calling list
[policyRegisterController.list] Handler called
[policyRegisterController.list] Returning 2 policies
[app] GET /api/auth/me
[app] GET /api/frameworks/iso27001/controls
[app] GET /api/frameworks/iso27001-soa/controls
[app] GET /api/frameworks/iso27001/objectives
[app] GET /api/assessment
[app] GET /api/csf
[app] GET /api/frameworks/csf/targets
[app] GET /api/risk-acceptance
[app] GET /api/risk-management
[app] GET /api/risk-management/indicators
[app] GET /api/risk-management/dropdowns
[app] GET /api/files?details=true
[app] GET /api/threat-modelling
[app] GET /api/privacy
[app] GET /api/privacy/assessment
[app] GET /api/frameworks/privacy/targets
[app] GET /api/privacy
[app] GET /api/privacy/assessment
[app] GET /api/frameworks/privacy/targets
[app] GET /api/auth/me
[app] GET /api/files/access/ISO%2027001/Policy/cba87cde-8968-4500-9170-549c1f772d45/Lukmanul_Hakim_CV_ATS.pdf
[app] GET /api/files/access/ISO%2027001/Policy/324f26af-7aea-4574-a6f3-154689b84fa0/Tanpa%20judul.jpeg
[app] GET /api/files/access/ISO%2027001/Policy/4451a19b-0c75-4ccb-a3e2-e7cb6bffba46/Script_Presentasi_BRINSIGHT_5_Menit.pdf
[app] GET /api/files/access/ISO%2027001/Policy/e026bb26-d429-454e-a637-325cd6b9aac4/Lukmanul_Hakim_CV_ATS%20_2_.pdf
[app] GET /api/files/access/upload/Govern/Policy/60fabe4a-354f-4c9b-90bf-9ee7af978ab9/Cybersecurity-Risk-Acceptance-Form-3%20_8_.pdf
[app] GET /favicon.ico
[app] GET /api/files/access/upload/COMMUNICATE-P/Policy/1788341401042-69997f978423ab9f-relevansi%20kebijakan%20_1_.xlsx
[app] GET /api/files/access/upload/COMMUNICATE-P/Policy/d6fa2c26-e92c-418f-94d7-d3aaf6bfd0f1/Lukmanul_Hakim_CV_ATS%20_2_.pdf
[app] GET /api/auth/me
[app] GET /api/auth/users
[app] GET /api/auth/permissions
[app] GET /api/audit?limit=25&offset=0
[app] GET /api/storage-settings
[app] POST /api/storage-settings/test
[app] GET /login
[app] GET /tailwind.css
[app] GET /api/auth/me
[app] GET /favicon.ico
[app] GET /login
[app] POST /api/auth/login
[app] GET /app
[app] GET /styles.css
[app] GET /modern.css
[app] GET /legacy-before-tailwind.css
[app] GET /legacy-after-tailwind.css
[app] GET /tailwind.css
[app] GET /vue/assets/index-D3CZ8gil.css
[app] GET /vue/assets/index-DRr81t_U.js
[app] GET /api/auth/me
[app] GET /api/auth/me
[app] GET /api/auth/me
[app] GET /api/policy-register
[policyRegisterRoutes] GET /
[policyRegisterRoutes] GET / - before permission check
[policyRegisterRoutes] GET / - after permission, calling list
[policyRegisterController.list] Handler called
[app] GET /api/frameworks/iso27001/controls
[app] GET /api/auth/me
[app] GET /api/frameworks/iso27001-soa/controls
[app] GET /api/frameworks/iso27001/objectives
[app] GET /api/assessment
[policyRegisterController.list] Returning 2 policies
[app] GET /api/csf
[app] GET /api/frameworks/csf/targets
[app] GET /api/risk-acceptance
[app] GET /api/risk-management
[app] GET /api/risk-management/indicators
[app] GET /api/risk-management/dropdowns
[app] GET /api/auth/me
[app] GET /api/threat-modelling
[app] GET /api/privacy
[app] GET /api/privacy/assessment
[app] GET /api/frameworks/privacy/targets
[app] GET /api/files?details=true
[app] GET /api/files/access/ISO%2027001/Policy/cba87cde-8968-4500-9170-549c1f772d45/Lukmanul_Hakim_CV_ATS.pdf
[app] GET /api/files/access/ISO%2027001/Policy/324f26af-7aea-4574-a6f3-154689b84fa0/Tanpa%20judul.jpeg
[app] GET /api/files/access/ISO%2027001/Policy/e026bb26-d429-454e-a637-325cd6b9aac4/Lukmanul_Hakim_CV_ATS%20_2_.pdf
[app] GET /api/files/access/ISO%2027001/Policy/4451a19b-0c75-4ccb-a3e2-e7cb6bffba46/Script_Presentasi_BRINSIGHT_5_Menit.pdf
[app] GET /api/privacy
[app] GET /api/privacy/assessment
[app] GET /api/frameworks/privacy/targets
[app] GET /favicon.ico
[app] GET /api/files/access/upload/Govern/Policy/60fabe4a-354f-4c9b-90bf-9ee7af978ab9/Cybersecurity-Risk-Acceptance-Form-3%20_8_.pdf
[app] GET /api/files/access/upload/COMMUNICATE-P/Policy/1788341401042-69997f978423ab9f-relevansi%20kebijakan%20_1_.xlsx
[app] GET /api/files/access/upload/COMMUNICATE-P/Policy/d6fa2c26-e92c-418f-94d7-d3aaf6bfd0f1/Lukmanul_Hakim_CV_ATS%20_2_.pdf
[app] GET /app
[app] GET /styles.css
[app] GET /modern.css
[app] GET /legacy-before-tailwind.css
[app] GET /vue/assets/index-DRr81t_U.js
[app] GET /legacy-after-tailwind.css
[app] GET /tailwind.css
[app] GET /vue/assets/index-D3CZ8gil.css
[app] GET /api/auth/me
[app] GET /api/auth/users
[app] GET /api/auth/permissions
[app] GET /api/audit?limit=25&offset=0
[app] GET /api/auth/me
[app] GET /api/auth/me
[app] GET /api/auth/me
[app] GET /api/policy-register
[policyRegisterRoutes] GET /
[policyRegisterRoutes] GET / - before permission check
[policyRegisterRoutes] GET / - after permission, calling list
[policyRegisterController.list] Handler called
[app] GET /api/auth/me
[app] GET /api/frameworks/iso27001/controls
[app] GET /api/frameworks/iso27001-soa/controls
[app] GET /api/assessment
[app] GET /api/frameworks/iso27001/objectives
[policyRegisterController.list] Returning 2 policies
[app] GET /api/csf
[app] GET /api/frameworks/csf/targets
[app] GET /api/risk-acceptance
[app] GET /api/smtp-settings
[app] GET /api/risk-management
[app] GET /api/risk-management/indicators
[app] GET /api/risk-management/dropdowns
[app] GET /api/files?details=true
[app] GET /api/threat-modelling
[app] GET /api/privacy
[app] GET /api/privacy/assessment
[app] GET /api/frameworks/privacy/targets
[app] GET /api/privacy/assessment
[app] GET /api/privacy
[app] GET /api/frameworks/privacy/targets
[app] GET /api/auth/me
[app] GET /api/files/access/ISO%2027001/Policy/cba87cde-8968-4500-9170-549c1f772d45/Lukmanul_Hakim_CV_ATS.pdf
[app] GET /api/files/access/ISO%2027001/Policy/324f26af-7aea-4574-a6f3-154689b84fa0/Tanpa%20judul.jpeg
[app] GET /api/files/access/ISO%2027001/Policy/e026bb26-d429-454e-a637-325cd6b9aac4/Lukmanul_Hakim_CV_ATS%20_2_.pdf
[app] GET /api/files/access/ISO%2027001/Policy/4451a19b-0c75-4ccb-a3e2-e7cb6bffba46/Script_Presentasi_BRINSIGHT_5_Menit.pdf
[app] GET /api/storage-settings
[app] GET /favicon.ico
[app] GET /api/files/access/upload/Govern/Policy/60fabe4a-354f-4c9b-90bf-9ee7af978ab9/Cybersecurity-Risk-Acceptance-Form-3%20_8_.pdf
[app] GET /api/auth/me
[app] GET /api/auth/permissions
[app] GET /api/audit?limit=25&offset=0
[app] GET /api/files/access/upload/COMMUNICATE-P/Policy/1788341401042-69997f978423ab9f-relevansi%20kebijakan%20_1_.xlsx
[app] GET /api/files/access/upload/COMMUNICATE-P/Policy/d6fa2c26-e92c-418f-94d7-d3aaf6bfd0f1/Lukmanul_Hakim_CV_ATS%20_2_.pdf
[app] GET /api/auth/me
[app] GET /api/auth/users
[app] GET /api/auth/permissions
[app] GET /api/audit?limit=25&offset=0
[app] GET /api/storage-settings
[app] GET /api/smtp-settings
[app] GET /api/storage-settings
[app] GET /
[app] GET /favicon.ico
[app] GET /login
[app] GET /login
[app] GET /tailwind.css
[app] GET /api/auth/me
[app] GET /favicon.ico
[app] GET /login
[app] POST /api/auth/login
[app] GET /app
[app] GET /styles.css
[app] GET /modern.css
[app] GET /legacy-before-tailwind.css
[app] GET /tailwind.css
[app] GET /legacy-after-tailwind.css
[app] GET /vue/assets/index-D3CZ8gil.css
[app] GET /vue/assets/index-DXOjCBIw.js
[app] GET /api/auth/me
[app] GET /api/auth/me
[app] GET /api/auth/me
[app] GET /api/policy-register
[policyRegisterRoutes] GET /
[policyRegisterRoutes] GET / - before permission check
[policyRegisterRoutes] GET / - after permission, calling list
[policyRegisterController.list] Handler called
[app] GET /api/auth/me
[app] GET /api/frameworks/iso27001/controls
[app] GET /api/frameworks/iso27001-soa/controls
[app] GET /api/frameworks/iso27001/objectives
[app] GET /api/assessment
[app] GET /api/csf
[app] GET /api/frameworks/csf/targets
[app] GET /api/risk-acceptance
[app] GET /api/risk-management
[app] GET /api/risk-management/indicators
[app] GET /api/risk-management/dropdowns
[app] GET /api/threat-modelling
[app] GET /api/privacy
[app] GET /api/privacy/assessment
[app] GET /api/frameworks/privacy/targets
[app] GET /api/files?details=true
[app] GET /api/auth/me
[app] GET /favicon.ico
[app] GET /api/privacy
[app] GET /api/privacy/assessment
[app] GET /api/frameworks/privacy/targets
[app] GET /api/files/access/ISO%2027001/Policy/cba87cde-8968-4500-9170-549c1f772d45/Lukmanul_Hakim_CV_ATS.pdf
[app] GET /api/files/access/ISO%2027001/Policy/e026bb26-d429-454e-a637-325cd6b9aac4/Lukmanul_Hakim_CV_ATS%20_2_.pdf
[app] GET /api/files/access/ISO%2027001/Policy/324f26af-7aea-4574-a6f3-154689b84fa0/Tanpa%20judul.jpeg
[app] GET /api/files/access/ISO%2027001/Policy/4451a19b-0c75-4ccb-a3e2-e7cb6bffba46/Script_Presentasi_BRINSIGHT_5_Menit.pdf
[app] GET /api/files/access/upload/Govern/Policy/60fabe4a-354f-4c9b-90bf-9ee7af978ab9/Cybersecurity-Risk-Acceptance-Form-3%20_8_.pdf
[app] GET /api/files/access/upload/COMMUNICATE-P/Policy/1788341401042-69997f978423ab9f-relevansi%20kebijakan%20_1_.xlsx
[app] GET /api/files/access/upload/COMMUNICATE-P/Policy/d6fa2c26-e92c-418f-94d7-d3aaf6bfd0f1/Lukmanul_Hakim_CV_ATS%20_2_.pdf
[policyRegisterController.list] Returning 2 policies
[app] GET /api/auth/me
[app] GET /api/auth/users
[app] GET /api/auth/permissions
[app] GET /api/audit?limit=25&offset=0
[app] GET /api/storage-settings
[app] POST /api/storage-settings/test
[app] GET /api/smtp-settings/accounts
[app] GET /api/smtp-settings/accounts
[app] GET /app
[app] GET /styles.css
[app] GET /modern.css
[app] GET /legacy-before-tailwind.css
[app] GET /tailwind.css
[app] GET /legacy-after-tailwind.css
[app] GET /vue/assets/index-DXOjCBIw.js
[app] GET /vue/assets/index-D3CZ8gil.css
[app] GET /api/auth/me
[app] GET /api/auth/me
[app] GET /api/policy-register
[policyRegisterRoutes] GET /
[policyRegisterRoutes] GET / - before permission check
[policyRegisterRoutes] GET / - after permission, calling list
[policyRegisterController.list] Handler called
[app] GET /api/frameworks/iso27001/controls
[app] GET /api/frameworks/iso27001-soa/controls
[app] GET /api/frameworks/iso27001/objectives
[app] GET /api/assessment
[app] GET /api/csf
[app] GET /api/frameworks/csf/targets
[policyRegisterController.list] Returning 2 policies
[app] GET /api/risk-acceptance
[app] GET /api/risk-management
[app] GET /api/risk-management/indicators
[app] GET /api/risk-management/dropdowns
[app] GET /api/auth/me
[app] GET /favicon.ico
[app] GET /api/threat-modelling
[app] GET /api/auth/me
[app] GET /api/privacy
[app] GET /api/privacy/assessment
[app] GET /api/frameworks/privacy/targets
[app] GET /api/auth/me
[app] GET /api/files/access/ISO%2027001/Policy/cba87cde-8968-4500-9170-549c1f772d45/Lukmanul_Hakim_CV_ATS.pdf
[app] GET /api/files/access/ISO%2027001/Policy/324f26af-7aea-4574-a6f3-154689b84fa0/Tanpa%20judul.jpeg
[app] GET /api/files/access/ISO%2027001/Policy/e026bb26-d429-454e-a637-325cd6b9aac4/Lukmanul_Hakim_CV_ATS%20_2_.pdf
[app] GET /api/files/access/ISO%2027001/Policy/4451a19b-0c75-4ccb-a3e2-e7cb6bffba46/Script_Presentasi_BRINSIGHT_5_Menit.pdf
[app] GET /api/files?details=true
[app] GET /api/privacy
[app] GET /api/privacy/assessment
[app] GET /api/frameworks/privacy/targets
[app] GET /api/files/access/upload/COMMUNICATE-P/Policy/1788341401042-69997f978423ab9f-relevansi%20kebijakan%20_1_.xlsx
[app] GET /api/files/access/upload/COMMUNICATE-P/Policy/d6fa2c26-e92c-418f-94d7-d3aaf6bfd0f1/Lukmanul_Hakim_CV_ATS%20_2_.pdf
[app] GET /api/files/access/upload/Govern/Policy/60fabe4a-354f-4c9b-90bf-9ee7af978ab9/Cybersecurity-Risk-Acceptance-Form-3%20_8_.pdf
[app] POST /api/auth/logout
[app] GET /login
[app] GET /tailwind.css
[app] GET /api/auth/me
[app] GET /favicon.ico
[app] GET /login
[app] POST /api/auth/login
[app] GET /app
[app] GET /styles.css
[app] GET /modern.css
[app] GET /legacy-before-tailwind.css
[app] GET /legacy-after-tailwind.css
[app] GET /vue/assets/index-DXOjCBIw.js
[app] GET /tailwind.css
[app] GET /vue/assets/index-D3CZ8gil.css
[app] GET /api/auth/me
[app] GET /api/auth/me
[app] GET /api/auth/me
[app] GET /api/policy-register
[policyRegisterRoutes] GET /
[policyRegisterRoutes] GET / - before permission check
[policyRegisterRoutes] GET / - after permission, calling list
[policyRegisterController.list] Handler called
[app] GET /api/auth/me
[app] GET /api/frameworks/iso27001/controls
[app] GET /api/frameworks/iso27001-soa/controls
[app] GET /api/assessment
[app] GET /api/frameworks/iso27001/objectives
[policyRegisterController.list] Returning 2 policies
[app] GET /api/csf
[app] GET /api/frameworks/csf/targets
[app] GET /api/risk-acceptance
[app] GET /api/risk-management
[app] GET /api/risk-management/indicators
[app] GET /api/risk-management/dropdowns
[app] GET /api/privacy
[app] GET /api/privacy/assessment
[app] GET /api/frameworks/privacy/targets
[app] GET /api/threat-modelling
[app] GET /api/files?details=true
[app] GET /api/auth/me
[app] GET /api/privacy
[app] GET /api/privacy/assessment
[app] GET /api/frameworks/privacy/targets
[app] GET /api/files/access/ISO%2027001/Policy/cba87cde-8968-4500-9170-549c1f772d45/Lukmanul_Hakim_CV_ATS.pdf
[app] GET /api/files/access/ISO%2027001/Policy/324f26af-7aea-4574-a6f3-154689b84fa0/Tanpa%20judul.jpeg
[app] GET /api/files/access/ISO%2027001/Policy/e026bb26-d429-454e-a637-325cd6b9aac4/Lukmanul_Hakim_CV_ATS%20_2_.pdf
[app] GET /api/files/access/ISO%2027001/Policy/4451a19b-0c75-4ccb-a3e2-e7cb6bffba46/Script_Presentasi_BRINSIGHT_5_Menit.pdf
[app] GET /favicon.ico
[app] GET /api/files/access/upload/Govern/Policy/60fabe4a-354f-4c9b-90bf-9ee7af978ab9/Cybersecurity-Risk-Acceptance-Form-3%20_8_.pdf
[app] GET /api/files/access/upload/COMMUNICATE-P/Policy/1788341401042-69997f978423ab9f-relevansi%20kebijakan%20_1_.xlsx
[app] GET /api/files/access/upload/COMMUNICATE-P/Policy/d6fa2c26-e92c-418f-94d7-d3aaf6bfd0f1/Lukmanul_Hakim_CV_ATS%20_2_.pdf
[app] GET /
[app] GET /app
[app] GET /styles.css
[app] GET /modern.css
[app] GET /legacy-before-tailwind.css
[app] GET /tailwind.css
[app] GET /legacy-after-tailwind.css
[app] GET /vue/assets/index-D3CZ8gil.css
[app] GET /vue/assets/index-DXOjCBIw.js
[app] GET /api/auth/me
[app] GET /api/auth/me
[app] GET /api/policy-register
[policyRegisterRoutes] GET /
[policyRegisterRoutes] GET / - before permission check
[policyRegisterRoutes] GET / - after permission, calling list
[policyRegisterController.list] Handler called
[app] GET /api/frameworks/iso27001/controls
[app] GET /api/frameworks/iso27001-soa/controls
[app] GET /api/frameworks/iso27001/objectives
[app] GET /api/assessment
[app] GET /api/csf
[app] GET /api/frameworks/csf/targets
[policyRegisterController.list] Returning 2 policies
[app] GET /api/risk-acceptance
[app] GET /api/risk-management
[app] GET /api/risk-management/indicators
[app] GET /api/risk-management/dropdowns
[app] GET /api/auth/me
[app] GET /favicon.ico
[app] GET /api/threat-modelling
[app] GET /api/auth/me
[app] GET /api/privacy
[app] GET /api/privacy/assessment
[app] GET /api/frameworks/privacy/targets
[app] GET /api/auth/me
[app] GET /api/files?details=true
[app] GET /api/files/access/ISO%2027001/Policy/cba87cde-8968-4500-9170-549c1f772d45/Lukmanul_Hakim_CV_ATS.pdf
[app] GET /api/files/access/ISO%2027001/Policy/e026bb26-d429-454e-a637-325cd6b9aac4/Lukmanul_Hakim_CV_ATS%20_2_.pdf
[app] GET /api/files/access/ISO%2027001/Policy/324f26af-7aea-4574-a6f3-154689b84fa0/Tanpa%20judul.jpeg
[app] GET /api/files/access/ISO%2027001/Policy/4451a19b-0c75-4ccb-a3e2-e7cb6bffba46/Script_Presentasi_BRINSIGHT_5_Menit.pdf
[app] GET /api/privacy
[app] GET /api/privacy/assessment
[app] GET /api/frameworks/privacy/targets
[app] GET /api/files/access/upload/COMMUNICATE-P/Policy/1788341401042-69997f978423ab9f-relevansi%20kebijakan%20_1_.xlsx
[app] GET /api/files/access/upload/COMMUNICATE-P/Policy/d6fa2c26-e92c-418f-94d7-d3aaf6bfd0f1/Lukmanul_Hakim_CV_ATS%20_2_.pdf
[app] GET /api/files/access/upload/Govern/Policy/60fabe4a-354f-4c9b-90bf-9ee7af978ab9/Cybersecurity-Risk-Acceptance-Form-3%20_8_.pdf
[app] GET /api/policy-register/dropdowns
[policyRegisterRoutes] GET /dropdowns
[app] GET /api/policy-register
[policyRegisterRoutes] GET /
[policyRegisterRoutes] GET / - before permission check
[policyRegisterRoutes] GET / - after permission, calling list
[policyRegisterController.list] Handler called
[policyRegisterController.list] Returning 2 policies
[app] GET /api/personnel-certifications
[app] GET /api/personnel-certifications/organization-personnel
[app] GET /api/certification-roadmap-catalog
[app] GET /api/auth/me
[app] GET /api/auth/permissions
[app] GET /api/auth/users
[app] GET /api/audit?limit=25&offset=0
[app] GET /api/smtp-settings/accounts
[app] GET /app
[app] GET /styles.css
[app] GET /modern.css
[app] GET /legacy-before-tailwind.css
[app] GET /legacy-after-tailwind.css
[app] GET /tailwind.css
[app] GET /vue/assets/index-D3CZ8gil.css
[app] GET /vue/assets/index-DXOjCBIw.js
[app] GET /api/auth/me
[app] GET /api/auth/me
[app] GET /api/auth/me
[app] GET /api/policy-register
[policyRegisterRoutes] GET /
[policyRegisterRoutes] GET / - before permission check
[policyRegisterRoutes] GET / - after permission, calling list
[policyRegisterController.list] Handler called
[app] GET /api/frameworks/iso27001/controls
[app] GET /api/frameworks/iso27001-soa/controls
[app] GET /api/frameworks/iso27001/objectives
[app] GET /api/auth/me
[app] GET /api/assessment
[policyRegisterController.list] Returning 2 policies
[app] GET /api/csf
[app] GET /api/frameworks/csf/targets
[app] GET /api/risk-acceptance
[app] GET /api/risk-management
[app] GET /api/risk-management/indicators
[app] GET /api/risk-management/dropdowns
[app] GET /api/personnel-certifications
[app] GET /api/personnel-certifications/organization-personnel
[app] GET /api/certification-roadmap-catalog
[app] GET /api/threat-modelling
[app] GET /api/privacy
[app] GET /api/privacy/assessment
[app] GET /api/frameworks/privacy/targets
[app] GET /api/files?details=true
[app] GET /api/auth/me
[app] GET /api/files/access/ISO%2027001/Policy/cba87cde-8968-4500-9170-549c1f772d45/Lukmanul_Hakim_CV_ATS.pdf
[app] GET /api/files/access/ISO%2027001/Policy/324f26af-7aea-4574-a6f3-154689b84fa0/Tanpa%20judul.jpeg
[app] GET /api/files/access/ISO%2027001/Policy/e026bb26-d429-454e-a637-325cd6b9aac4/Lukmanul_Hakim_CV_ATS%20_2_.pdf
[app] GET /api/files/access/ISO%2027001/Policy/4451a19b-0c75-4ccb-a3e2-e7cb6bffba46/Script_Presentasi_BRINSIGHT_5_Menit.pdf
[app] GET /favicon.ico
[app] GET /api/files/access/upload/COMMUNICATE-P/Policy/1788341401042-69997f978423ab9f-relevansi%20kebijakan%20_1_.xlsx
[app] GET /api/files/access/upload/COMMUNICATE-P/Policy/d6fa2c26-e92c-418f-94d7-d3aaf6bfd0f1/Lukmanul_Hakim_CV_ATS%20_2_.pdf
[app] GET /api/privacy
[app] GET /api/privacy/assessment
[app] GET /api/frameworks/privacy/targets
[app] GET /api/files/access/upload/Govern/Policy/60fabe4a-354f-4c9b-90bf-9ee7af978ab9/Cybersecurity-Risk-Acceptance-Form-3%20_8_.pdf
[app] GET /api/auth/me
[app] GET /api/auth/users
[app] GET /api/auth/permissions
[app] GET /api/audit?limit=25&offset=0
[app] GET /api/smtp-settings/accounts
[app] GET /api/smtp-settings/accounts
[app] GET /api/storage-settings
[app] GET /api/smtp-settings/accounts
[app] GET /api/audit-finding-tracker
[app] GET /api/audit-finding-tracker/reminder-settings
[app] GET /api/policy-register/dropdowns
[policyRegisterRoutes] GET /dropdowns
[app] GET /api/policy-register
[policyRegisterRoutes] GET /
[policyRegisterRoutes] GET / - before permission check
[policyRegisterRoutes] GET / - after permission, calling list
[policyRegisterController.list] Handler called
[policyRegisterController.list] Returning 2 policies
[app] GET /api/policy-register/dropdowns
[policyRegisterRoutes] GET /dropdowns
[app] POST /api/policy-register
[policyRegisterRoutes] POST /
[policyRegisterController.create] Handler called
[app] GET /api/policy-register
[policyRegisterRoutes] GET /
[policyRegisterRoutes] GET / - before permission check
[policyRegisterRoutes] GET / - after permission, calling list
[policyRegisterController.list] Handler called
[policyRegisterController.list] Returning 3 policies
[app] POST /api/policy-register
[policyRegisterRoutes] POST /
[policyRegisterController.create] Handler called
[app] GET /api/policy-register
[policyRegisterRoutes] GET /
[policyRegisterRoutes] GET / - before permission check
[policyRegisterRoutes] GET / - after permission, calling list
[policyRegisterController.list] Handler called
[policyRegisterController.list] Returning 4 policies
[app] DELETE /api/policy-register/5
[policyRegisterRoutes] DELETE /5
[policyRegisterController.remove] Handler called
[app] GET /app
[app] GET /styles.css
[app] GET /modern.css
[app] GET /legacy-before-tailwind.css
[app] GET /vue/assets/index-D3CZ8gil.css
[app] GET /legacy-after-tailwind.css
[app] GET /tailwind.css
[app] GET /vue/assets/index-DXOjCBIw.js
[app] GET /api/auth/me
[app] GET /api/auth/me
[app] GET /api/policy-register
[policyRegisterRoutes] GET /
[policyRegisterRoutes] GET / - before permission check
[policyRegisterRoutes] GET / - after permission, calling list
[policyRegisterController.list] Handler called
[app] GET /api/frameworks/iso27001/controls
[app] GET /api/frameworks/iso27001-soa/controls
[app] GET /api/frameworks/iso27001/objectives
[app] GET /api/assessment
[app] GET /api/csf
[app] GET /api/frameworks/csf/targets
[policyRegisterController.list] Returning 3 policies
[app] GET /api/risk-acceptance
[app] GET /api/risk-management
[app] GET /api/risk-management/indicators
[app] GET /api/risk-management/dropdowns
[app] GET /api/auth/me
[app] GET /favicon.ico
[app] GET /api/threat-modelling
[app] GET /api/auth/me
[app] GET /api/privacy
[app] GET /api/privacy/assessment
[app] GET /api/frameworks/privacy/targets
[app] GET /api/auth/me
[app] GET /api/files/access/ISO%2027001/Policy/cba87cde-8968-4500-9170-549c1f772d45/Lukmanul_Hakim_CV_ATS.pdf
[app] GET /api/files/access/ISO%2027001/Policy/324f26af-7aea-4574-a6f3-154689b84fa0/Tanpa%20judul.jpeg
[app] GET /api/files/access/ISO%2027001/Policy/e026bb26-d429-454e-a637-325cd6b9aac4/Lukmanul_Hakim_CV_ATS%20_2_.pdf
[app] GET /api/files/access/ISO%2027001/Policy/4451a19b-0c75-4ccb-a3e2-e7cb6bffba46/Script_Presentasi_BRINSIGHT_5_Menit.pdf
[app] GET /api/files?details=true
[app] GET /api/privacy/assessment
[app] GET /api/privacy
[app] GET /api/frameworks/privacy/targets
[app] GET /api/files/access/upload/COMMUNICATE-P/Policy/1788341401042-69997f978423ab9f-relevansi%20kebijakan%20_1_.xlsx
[app] GET /api/files/access/upload/COMMUNICATE-P/Policy/d6fa2c26-e92c-418f-94d7-d3aaf6bfd0f1/Lukmanul_Hakim_CV_ATS%20_2_.pdf
[app] GET /api/files/access/upload/Govern/Policy/60fabe4a-354f-4c9b-90bf-9ee7af978ab9/Cybersecurity-Risk-Acceptance-Form-3%20_8_.pdf
[app] GET /login
[app] GET /app
[app] GET /styles.css
[app] GET /modern.css
[app] GET /legacy-before-tailwind.css
[app] GET /legacy-after-tailwind.css
[app] GET /tailwind.css
[app] GET /vue/assets/index-D3CZ8gil.css
[app] GET /vue/assets/index-DXOjCBIw.js
[app] GET /api/auth/me
[app] GET /api/auth/me
[app] GET /api/policy-register
[policyRegisterRoutes] GET /
[policyRegisterRoutes] GET / - before permission check
[policyRegisterRoutes] GET / - after permission, calling list
[policyRegisterController.list] Handler called
[app] GET /api/frameworks/iso27001/controls
[app] GET /api/frameworks/iso27001-soa/controls
[app] GET /api/frameworks/iso27001/objectives
[app] GET /api/assessment
[app] GET /api/csf
[app] GET /api/frameworks/csf/targets
[app] GET /api/risk-acceptance
[app] GET /api/risk-management
[app] GET /api/risk-management/indicators
[policyRegisterController.list] Returning 3 policies
[app] GET /api/risk-management/dropdowns
[app] GET /api/auth/me
[app] GET /favicon.ico
[app] GET /api/threat-modelling
[app] GET /api/auth/me
[app] GET /api/privacy
[app] GET /api/privacy/assessment
[app] GET /api/frameworks/privacy/targets
[app] GET /api/auth/me
[app] GET /api/files?details=true
[app] GET /api/files/access/upload/COMMUNICATE-P/Policy/1788341401042-69997f978423ab9f-relevansi%20kebijakan%20_1_.xlsx
[app] GET /api/files/access/upload/COMMUNICATE-P/Policy/d6fa2c26-e92c-418f-94d7-d3aaf6bfd0f1/Lukmanul_Hakim_CV_ATS%20_2_.pdf
[app] GET /api/privacy
[app] GET /api/frameworks/privacy/targets
[app] GET /api/privacy/assessment
[app] GET /api/files/access/ISO%2027001/Policy/324f26af-7aea-4574-a6f3-154689b84fa0/Tanpa%20judul.jpeg
[app] GET /api/files/access/ISO%2027001/Policy/cba87cde-8968-4500-9170-549c1f772d45/Lukmanul_Hakim_CV_ATS.pdf
[app] GET /api/files/access/ISO%2027001/Policy/e026bb26-d429-454e-a637-325cd6b9aac4/Lukmanul_Hakim_CV_ATS%20_2_.pdf
[app] GET /api/files/access/ISO%2027001/Policy/4451a19b-0c75-4ccb-a3e2-e7cb6bffba46/Script_Presentasi_BRINSIGHT_5_Menit.pdf
[app] GET /api/files/access/upload/Govern/Policy/60fabe4a-354f-4c9b-90bf-9ee7af978ab9/Cybersecurity-Risk-Acceptance-Form-3%20_8_.pdf
[app] GET /api/questionnaire-templates
[app] GET /api/tprm-questionnaires
[app] GET /api/risk-management
[app] GET /api/risk-management/indicators
[app] GET /api/tprm-questionnaires
[app] GET /api/risk-management/dropdowns
[app] GET /api/tprm
[app] GET /api/tprm
[app] GET /api/questionnaire-templates
[app] GET /api/questionnaire-templates
[app] GET /login
